ARM Linker, 4.1 [Build 894] [Evaluation]

==============================================================================

Section Cross References

    main.o(.text) refers to _printf_percent.o(.ARM.Collect$$_printf_percent$$00000000) for _printf_percent
    main.o(.text) refers to _printf_d.o(.ARM.Collect$$_printf_percent$$00000009) for _printf_d
    main.o(.text) refers to _printf_dec.o(.text) for _printf_int_dec
    main.o(.text) refers to system_stm32f10x.o(.text) for SystemInit
    main.o(.text) refers to delay.o(.text) for delay_init
    main.o(.text) refers to sys.o(.text) for NVIC_Configuration
    main.o(.text) refers to iic.o(.text) for IIC_Init
    main.o(.text) refers to usart.o(.text) for uart_init
    main.o(.text) refers to led.o(.text) for LED_Init
    main.o(.text) refers to mpu6050.o(.text) for MPU6050_initialize
    main.o(.text) refers to hmc5883l.o(.text) for HMC5883L_SetUp
    main.o(.text) refers to dflt_clz.o(x$fpl$dflt) for __aeabi_i2d
    main.o(.text) refers to dmul.o(x$fpl$dmul) for __aeabi_dmul
    main.o(.text) refers to d2f.o(x$fpl$d2f) for __aeabi_d2f
    main.o(.text) refers to faddsub_clz.o(x$fpl$fadd) for __aeabi_fadd
    main.o(.text) refers to noretval__2printf.o(.text) for __2printf
    main.o(.text) refers to main.o(.data) for abuffer
    system_stm32f10x.o(.text) refers to system_stm32f10x.o(.data) for SystemCoreClock
    led.o(.text) refers to stm32f10x_rcc.o(.text) for RCC_APB2PeriphClockCmd
    led.o(.text) refers to stm32f10x_gpio.o(.text) for GPIO_Init
    key.o(.text) refers to stm32f10x_rcc.o(.text) for RCC_APB2PeriphClockCmd
    key.o(.text) refers to stm32f10x_gpio.o(.text) for GPIO_Init
    key.o(.text) refers to delay.o(.text) for delay_ms
    key.o(.text) refers to key.o(.data) for key_up
    iic.o(.text) refers to stm32f10x_rcc.o(.text) for RCC_APB2PeriphClockCmd
    iic.o(.text) refers to stm32f10x_gpio.o(.text) for GPIO_Init
    iic.o(.text) refers to delay.o(.text) for delay_us
    mpu6050.o(.text) refers to iic.o(.text) for IICwriteBits
    mpu6050.o(.text) refers to stm32f10x_gpio.o(.text) for GPIO_ReadInputDataBit
    mpu6050.o(.text) refers to mpu6050.o(.data) for Acc1G_Values
    mpu6050.o(.text) refers to mpu6050.o(.bss) for MPU6050_FIFO
    mpu6050.o(.text) refers to delay.o(.text) for delay_us
    mpu6050.o(.text) refers to eeprom.o(.text) for Read_Gyro_Offset
    mpu6050.o(.text) refers to fflt_clz.o(x$fpl$fflt) for __aeabi_i2f
    eeprom.o(.text) refers to stm32f10x_flash.o(.text) for FLASH_Unlock
    hmc5883l.o(.text) refers to stm32f10x_gpio.o(.text) for GPIO_ReadInputDataBit
    hmc5883l.o(.text) refers to fflt_clz.o(x$fpl$fflt) for __aeabi_i2f
    hmc5883l.o(.text) refers to fdiv.o(x$fpl$fdiv) for __aeabi_fdiv
    hmc5883l.o(.text) refers to ffix.o(x$fpl$ffix) for __aeabi_f2iz
    hmc5883l.o(.text) refers to iic.o(.text) for IICreadBytes
    hmc5883l.o(.text) refers to delay.o(.text) for delay_us
    hmc5883l.o(.text) refers to hmc5883l.o(.bss) for HMC5883_FIFO
    hmc5883l.o(.text) refers to hmc5883l.o(.data) for x_scale
    hmc5883l.o(.text) refers to dflt_clz.o(x$fpl$dfltu) for __aeabi_ui2d
    hmc5883l.o(.text) refers to dflt_clz.o(x$fpl$dflt) for __aeabi_i2d
    hmc5883l.o(.text) refers to dmul.o(x$fpl$dmul) for __aeabi_dmul
    hmc5883l.o(.text) refers to dfix.o(x$fpl$dfix) for __aeabi_d2iz
    hmc5883l.o(.text) refers to ddiv.o(x$fpl$ddiv) for __aeabi_ddiv
    hmc5883l.o(.text) refers to d2f.o(x$fpl$d2f) for __aeabi_d2f
    hmc5883l.o(.text) refers to eeprom.o(.text) for Read_Magic_Offset
    hmc5883l.o(.text) refers to hmc5883l.o(.constdata) for counts_per_milligauss
    delay.o(.text) refers to misc.o(.text) for SysTick_CLKSourceConfig
    delay.o(.text) refers to delay.o(.data) for fac_us
    sys.o(.text) refers to misc.o(.text) for NVIC_PriorityGroupConfig
    usart.o(.text) refers (Special) to use_no_semi_2.o(.text) for __use_no_semihosting
    usart.o(.text) refers to stm32f10x_rcc.o(.text) for RCC_APB2PeriphClockCmd
    usart.o(.text) refers to stm32f10x_gpio.o(.text) for GPIO_Init
    usart.o(.text) refers to misc.o(.text) for NVIC_Init
    usart.o(.text) refers to stm32f10x_usart.o(.text) for USART_Init
    usart.o(.text) refers to usart.o(.data) for USART_RX_STA
    usart.o(.text) refers to usart.o(.bss) for USART_RX_BUF
    usart.o(.bss) refers (Special) to use_no_semi_2.o(.text) for __use_no_semihosting
    usart.o(.data) refers (Special) to use_no_semi_2.o(.text) for __use_no_semihosting
    startup_stm32f10x_md.o(STACK) refers (Special) to heapauxi.o(.text) for __use_two_region_memory
    startup_stm32f10x_md.o(HEAP) refers (Special) to heapauxi.o(.text) for __use_two_region_memory
    startup_stm32f10x_md.o(RESET) refers (Special) to heapauxi.o(.text) for __use_two_region_memory
    startup_stm32f10x_md.o(RESET) refers to startup_stm32f10x_md.o(STACK) for __initial_sp
[...]
    libinit.o(.ARM.Collect$$libinit$$00000000) refers (Special) to libinit2.o(.ARM.Collect$$libinit$$0000000D) for __rt_lib_init_lc_collate_1
    libinit.o(.ARM.Collect$$libinit$$00000000) refers (Special) to libinit2.o(.ARM.Collect$$libinit$$0000000F) for __rt_lib_init_lc_ctype_1
    libinit.o(.ARM.Collect$$libinit$$00000000) refers (Special) to libinit2.o(.ARM.Collect$$libinit$$00000011) for __rt_lib_init_lc_monetary_1
    libinit.o(.ARM.Collect$$libinit$$00000000) refers (Special) to libinit2.o(.ARM.Collect$$libinit$$00000013) for __rt_lib_init_lc_numeric_1
    libinit.o(.ARM.Collect$$libinit$$00000000) refers (Special) to libinit2.o(.ARM.Collect$$libinit$$00000015) for __rt_lib_init_lc_time_1
    libinit.o(.ARM.Collect$$libinit$$00000000) refers (Special) to libinit2.o(.ARM.Collect$$libinit$$0000000A) for __rt_lib_init_rand_1
    libinit.o(.ARM.Collect$$libinit$$00000000) refers (Special) to libinit2.o(.ARM.Collect$$libinit$$0000002F) for __rt_lib_init_return
    libinit.o(.ARM.Collect$$libinit$$00000000) refers (Special) to libinit2.o(.ARM.Collect$$libinit$$00000019) for __rt_lib_init_signal_1
    libinit.o(.ARM.Collect$$libinit$$00000000) refers (Special) to libinit2.o(.ARM.Collect$$libinit$$00000021) for __rt_lib_init_stdio_1
    libinit.o(.ARM.Collect$$libinit$$00000000) refers (Special) to libinit2.o(.ARM.Collect$$libinit$$00000008) for __rt_lib_init_user_alloc_1
    libinit.o(.ARM.Collect$$libinit$$00000000) refers to fpinit.o(x$fpl$fpinit) for _fp_init
    libspace.o(.text) refers to libspace.o(.bss) for __libspace_start
    rtexit.o(.ARM.Collect$$rtexit$$00000000) refers (Special) to rtexit2.o(.ARM.Collect$$rtexit$$00000004) for __rt_exit_exit
    rtexit.o(.ARM.Collect$$rtexit$$00000000) refers (Special) to rtexit2.o(.ARM.Collect$$rtexit$$00000003) for __rt_exit_ls
    rtexit.o(.ARM.Collect$$rtexit$$00000000) refers (Special) to rtexit2.o(.ARM.Collect$$rtexit$$00000002) for __rt_exit_prels_1
    rtexit.o(.ARM.exidx) refers (Special) to rtexit2.o(.ARM.Collect$$rtexit$$00000004) for __rt_exit_exit
    rtexit.o(.ARM.exidx) refers (Special) to rtexit2.o(.ARM.Collect$$rtexit$$00000003) for __rt_exit_ls
    rtexit.o(.ARM.exidx) refers (Special) to rtexit2.o(.ARM.Collect$$rtexit$$00000002) for __rt_exit_prels_1
    rtexit.o(.ARM.exidx) refers to rtexit.o(.ARM.Collect$$rtexit$$00000000) for .ARM.Collect$$rtexit$$00000000
    libinit2.o(.ARM.Collect$$libinit$$0000000C) refers to libinit2.o(.ARM.Collect$$libinit$$0000000B) for .ARM.Collect$$libinit$$0000000B
    libinit2.o(.ARM.Collect$$libinit$$0000000E) refers to libinit2.o(.ARM.Collect$$libinit$$0000000B) for .ARM.Collect$$libinit$$0000000B
    libinit2.o(.ARM.Collect$$libinit$$00000010) refers to libinit2.o(.ARM.Collect$$libinit$$0000000B) for .ARM.Collect$$libinit$$0000000B
    libinit2.o(.ARM.Collect$$libinit$$00000012) refers to libinit2.o(.ARM.Collect$$libinit$$0000000B) for .ARM.Collect$$libinit$$0000000B
    libinit2.o(.ARM.Collect$$libinit$$00000014) refers to libinit2.o(.ARM.Collect$$libinit$$0000000B) for .ARM.Collect$$libinit$$0000000B
    libinit2.o(.ARM.Collect$$libinit$$00000022) refers to argv_veneer.o(.emb_text) for __ARM_argv_veneer
    libinit2.o(.ARM.Collect$$libinit$$00000023) refers to argv_veneer.o(.emb_text) for __ARM_argv_veneer
    fpinit.o(x$fpl$fpinit) refers to rt_fp_status_addr_intlibspace.o(.text) for __rt_fp_status_addr
    rtexit2.o(.ARM.Collect$$rtexit$$00000003) refers to libshutdown.o(.ARM.Collect$$libshutdown$$00000000) for __rt_lib_shutdown
    rtexit2.o(.ARM.Collect$$rtexit$$00000004) refers to usart.o(.text) for _sys_exit
    rtexit2.o(.ARM.exidx) refers to rtexit2.o(.ARM.Collect$$rtexit$$00000001) for .ARM.Collect$$rtexit$$00000001
    rtexit2.o(.ARM.exidx) refers to rtexit2.o(.ARM.Collect$$rtexit$$00000003) for .ARM.Collect$$rtexit$$00000003
    rtexit2.o(.ARM.exidx) refers to rtexit2.o(.ARM.Collect$$rtexit$$00000004) for .ARM.Collect$$rtexit$$00000004
    rt_fp_status_addr.o(.text) refers to rt_fp_status_addr.o(.bss) for __rt_fp_status_addr_data
    rt_fp_status_addr_intlibspace.o(.text) refers to libspace.o(.bss) for __libspace_start
    argv_veneer.o(.emb_text) refers to no_argv.o(.text) for __ARM_get_argv
    _get_argv_nomalloc.o(.text) refers (Special) to hrguard.o(.text) for __heap_region$guard
    _get_argv_nomalloc.o(.text) refers to defsig_rtmem_outer.o(.text) for __rt_SIGRTMEM
    _get_argv_nomalloc.o(.text) refers to sys_command.o(.text) for _sys_command_string
    libshutdown.o(.ARM.Collect$$libshutdown$$00000000) refers (Special) to libshutdown2.o(.ARM.Collect$$libshutdown$$00000006) for __rt_lib_shutdown_fp_trap_1
    libshutdown.o(.ARM.Collect$$libshutdown$$00000000) refers (Special) to libshutdown2.o(.ARM.Collect$$libshutdown$$0000000E) for __rt_lib_shutdown_heap_1
    libshutdown.o(.ARM.Collect$$libshutdown$$00000000) refers (Special) to libshutdown2.o(.ARM.Collect$$libshutdown$$0000000F) for __rt_lib_shutdown_return
    libshutdown.o(.ARM.Collect$$libshutdown$$00000000) refers (Special) to libshutdown2.o(.ARM.Collect$$libshutdown$$00000009) for __rt_lib_shutdown_signal_1
    libshutdown.o(.ARM.Collect$$libshutdown$$00000000) refers (Special) to libshutdown2.o(.ARM.Collect$$libshutdown$$00000003) for __rt_lib_shutdown_stdio_1
    libshutdown.o(.ARM.Collect$$libshutdown$$00000000) refers (Special) to libshutdown2.o(.ARM.Collect$$libshutdown$$0000000B) for __rt_lib_shutdown_user_alloc_1
    sys_command.o(.text) refers (Special) to use_no_semi.o(.text) for __I$use$semihosting
    sys_command.o(.text) refers (Special) to indicate_semi.o(.text) for __semihosting_library_function
    defsig_rtmem_outer.o(.text) refers to defsig_rtmem_inner.o(.text) for __rt_SIGRTMEM_inner
    defsig_rtmem_outer.o(.text) refers to defsig_exit.o(.text) for __sig_exit
    defsig_rtmem_formal.o(.text) refers to rt_raise.o(.text) for __rt_raise
    rt_raise.o(.text) refers to __raise.o(.text) for __raise
    rt_raise.o(.text) refers to usart.o(.text) for _sys_exit
    defsig_exit.o(.text) refers to usart.o(.text) for _sys_exit
    defsig_rtmem_inner.o(.text) refers to defsig_general.o(.text) for __default_signal_display
    __raise.o(.text) refers to defsig.o(CL$$defsig) for __default_signal_handler
    defsig_general.o(.text) refers to sys_wrch.o(.text) for _ttywrch
    sys_wrch.o(.text) refers (Special) to use_no_semi.o(.text) for __I$use$semihosting
    sys_wrch.o(.text) refers (Special) to indicate_semi.o(.text) for __semihosting_library_function
    defsig.o(CL$$defsig) refers to defsig_rtmem_inner.o(.text) for __rt_SIGRTMEM_inner
    defsig_abrt_inner.o(.text) refers to defsig_general.o(.text) for __default_signal_display
    defsig_fpe_inner.o(.text) refers to defsig_general.o(.text) for __default_signal_display
    defsig_rtred_inner.o(.text) refers to defsig_general.o(.text) for __default_signal_display
    defsig_stak_inner.o(.text) refers to defsig_general.o(.text) for __default_signal_display
    defsig_pvfn_inner.o(.text) refers to defsig_general.o(.text) for __default_signal_display
    defsig_cppl_inner.o(.text) refers to defsig_general.o(.text) for __default_signal_display
    defsig_segv_inner.o(.text) refers to defsig_general.o(.text) for __default_signal_display
    defsig_other.o(.text) refers to defsig_general.o(.text) for __default_signal_display


==============================================================================

Removing Unused input sections from the image.

    Removing key.o(.text), (228 bytes).
    Removing key.o(.data), (1 bytes).
    Removing core_cm3.o(.emb_text), (32 bytes).
    Removing stm32f10x_adc.o(.text), (1084 bytes).
    Removing stm32f10x_bkp.o(.text), (172 bytes).
    Removing stm32f10x_can.o(.text), (2548 bytes).
    Removing stm32f10x_cec.o(.text), (288 bytes).
    Removing stm32f10x_crc.o(.text), (72 bytes).
    Removing stm32f10x_dac.o(.text), (360 bytes).
    Removing stm32f10x_dbgmcu.o(.text), (48 bytes).
    Removing stm32f10x_dma.o(.text), (592 bytes).
    Removing stm32f10x_exti.o(.text), (284 bytes).
    Removing stm32f10x_fsmc.o(.text), (1560 bytes).
    Removing stm32f10x_i2c.o(.text), (1008 bytes).
    Removing stm32f10x_iwdg.o(.text), (64 bytes).
    Removing stm32f10x_pwr.o(.text), (204 bytes).
    Removing stm32f10x_rtc.o(.text), (336 bytes).
    Removing stm32f10x_sdio.o(.text), (464 bytes).
    Removing stm32f10x_spi.o(.text), (784 bytes).
    Removing stm32f10x_tim.o(.text), (3502 bytes).
    Removing stm32f10x_wwdg.o(.text), (124 bytes).

21 unused section(s) (total 13755 bytes) removed from the image.

==============================================================================

Image Symbol Table

    Local Symbols

    Symbol Name                              Value     Ov Type        Size  Object(Section)

    ../../angel/boardlib.s                   0x00000000   Number         0  boardinit2.o ABSOLUTE
    ../../angel/boardlib.s                   0x00000000   Number         0  boardinit1.o ABSOLUTE
    ../../angel/boardlib.s                   0x00000000   Number         0  boardshut.o ABSOLUTE
    ../../angel/boardlib.s                   0x00000000   Number         0  boardinit3.o ABSOLUTE
    ../../angel/handlers.s                   0x00000000   Number         0  __scatter_zi.o ABSOLUTE
    ../../angel/handlers.s                   0x00000000   Number         0  __scatter_copy.o ABSOLUTE
    ../../angel/kernel.s                     0x00000000   Number         0  rtexit.o ABSOLUTE
    ../../angel/kernel.s                     0x00000000   Number         0  rtexit2.o ABSOLUTE
    ../../angel/kernel.s                     0x00000000   Number         0  rtentry2.o ABSOLUTE
    ../../angel/kernel.s                     0x00000000   Number         0  rtentry.o ABSOLUTE
    ../../angel/kernel.s                     0x00000000   Number         0  rtentry4.o ABSOLUTE
    ../../angel/rt.s                         0x00000000   Number         0  rt_raise.o ABSOLUTE
    ../../angel/rt.s                         0x00000000   Number         0  rt_fp_status_addr_intlibspace.o ABSOLUTE
    ../../angel/rt.s                         0x00000000   Number         0  rt_fp_status_addr.o ABSOLUTE
    ../../angel/scatter.s                    0x00000000   Number         0  __scatter.o ABSOLUTE
    ../../angel/startup.s                    0x00000000   Number         0  __main.o ABSOLUTE
    ../../angel/sys.s                        0x00000000   Number         0  use_no_semi_2.o ABSOLUTE
    ../../angel/sys.s                        0x00000000   Number         0  sys_stackheap_outer.o ABSOLUTE
    ../../angel/sys.s                        0x00000000   Number         0  use_no_semi.o ABSOLUTE
    ../../angel/sys.s                        0x00000000   Number         0  indicate_semi.o ABSOLUTE
    ../../angel/sys.s                        0x00000000   Number         0  libspace.o ABSOLUTE
    ../../angel/sysapp.c                     0x00000000   Number         0  sys_command.o ABSOLUTE
    ../../angel/sysapp.c                     0x00000000   Number         0  sys_wrch.o ABSOLUTE
    ../../armsys.c                           0x00000000   Number         0  argv_veneer.o ABSOLUTE
    ../../armsys.c                           0x00000000   Number         0  argv_veneer.o ABSOLUTE
    ../../armsys.c                           0x00000000   Number         0  no_argv.o ABSOLUTE
    ../../armsys.c                           0x00000000   Number         0  _get_argv_nomalloc.o ABSOLUTE
    ../../d2f.s                              0x00000000   Number         0  d2f.o ABSOLUTE
    ../../ddiv.s                             0x00000000   Number         0  ddiv.o ABSOLUTE
    ../../dfix.s                             0x00000000   Number         0  dfix.o ABSOLUTE
    ../../dflt.s                             0x00000000   Number         0  dflt_clz.o ABSOLUTE
    ../../dmul.s                             0x00000000   Number         0  dmul.o ABSOLUTE
    ../../dnaninf.s                          0x00000000   Number         0  dnaninf.o ABSOLUTE
    ../../dretinf.s                          0x00000000   Number         0  dretinf.o ABSOLUTE
    ../../faddsub.s                          0x00000000   Number         0  faddsub_clz.o ABSOLUTE
    ../../fdiv.s                             0x00000000   Number         0  fdiv.o ABSOLUTE
    ../../ffix.s                             0x00000000   Number         0  ffix.o ABSOLUTE
    ../../fflt.s                             0x00000000   Number         0  fflt_clz.o ABSOLUTE
    ../../fnaninf.s                          0x00000000   Number         0  fnaninf.o ABSOLUTE
    ../../fpinit.s                           0x00000000   Number         0  fpinit.o ABSOLUTE
    ../../fretinf.s                          0x00000000   Number         0  fretinf.o ABSOLUTE
    ../../heapalloc.c                        0x00000000   Number         0  hrguard.o ABSOLUTE
    ../../heapaux.c                          0x00000000   Number         0  heapauxi.o ABSOLUTE
    ../../libinit.s                          0x00000000   Number         0  libinit2.o ABSOLUTE
    ../../libinit.s                          0x00000000   Number         0  libshutdown2.o ABSOLUTE
    ../../libinit.s                          0x00000000   Number         0  libinit.o ABSOLUTE
    ../../libinit.s                          0x00000000   Number         0  libshutdown.o ABSOLUTE
    ../../printf.c                           0x00000000   Number         0  __printf_flags_wp.o ABSOLUTE
    ../../printf.c                           0x00000000   Number         0  __printf_ss_wp.o ABSOLUTE
    ../../printf.c                           0x00000000   Number         0  __printf_flags_ss_wp.o ABSOLUTE
    ../../printf.c                           0x00000000   Number         0  noretval__2printf.o ABSOLUTE
    ../../printf.c                           0x00000000   Number         0  __2printf.o ABSOLUTE
    ../../printf.c                           0x00000000   Number         0  _printf_char_common.o ABSOLUTE
    ../../printf.c                           0x00000000   Number         0  _printf_dec.o ABSOLUTE
    ../../printf.c                           0x00000000   Number         0  _printf_intcommon.o ABSOLUTE
    ../../printf.c                           0x00000000   Number         0  __printf.o ABSOLUTE
    ../../printf.c                           0x00000000   Number         0  __printf_nopercent.o ABSOLUTE
    ../../printf.c                           0x00000000   Number         0  _printf_char_file.o ABSOLUTE
    ../../printf.c                           0x00000000   Number         0  __printf_flags.o ABSOLUTE
    ../../printf.c                           0x00000000   Number         0  __printf_ss.o ABSOLUTE
    ../../printf.c                           0x00000000   Number         0  __printf_flags_ss.o ABSOLUTE
    ../../printf.c                           0x00000000   Number         0  __printf_wp.o ABSOLUTE
    ../../printf_percent.s                   0x00000000   Number         0  _printf_d.o ABSOLUTE
    ../../printf_percent.s                   0x00000000   Number         0  _printf_percent.o ABSOLUTE
    ../../printf_percent.s                   0x00000000   Number         0  _printf_percent_end.o ABSOLUTE
    ../../signal.c                           0x00000000   Number         0  defsig_abrt_inner.o ABSOLUTE
    ../../signal.c                           0x00000000   Number         0  defsig_fpe_inner.o ABSOLUTE
    ../../signal.c                           0x00000000   Number         0  defsig_rtred_inner.o ABSOLUTE
    ../../signal.c                           0x00000000   Number         0  defsig_stak_inner.o ABSOLUTE
    ../../signal.c                           0x00000000   Number         0  defsig_pvfn_inner.o ABSOLUTE
    ../../signal.c                           0x00000000   Number         0  defsig_cppl_inner.o ABSOLUTE
    ../../signal.c                           0x00000000   Number         0  defsig_segv_inner.o ABSOLUTE
    ../../signal.c                           0x00000000   Number         0  defsig_other.o ABSOLUTE
    ../../signal.c                           0x00000000   Number         0  __raise.o ABSOLUTE
    ../../signal.c                           0x00000000   Number         0  defsig_rtmem_inner.o ABSOLUTE
    ../../signal.c                           0x00000000   Number         0  defsig_rtmem_formal.o ABSOLUTE
    ../../signal.c                           0x00000000   Number         0  defsig_exit.o ABSOLUTE
    ../../signal.c                           0x00000000   Number         0  defsig_rtmem_outer.o ABSOLUTE
    ../../signal.c                           0x00000000   Number         0  defsig_general.o ABSOLUTE
    ../../signal.s                           0x00000000   Number         0  defsig.o ABSOLUTE
    ../../stdio.c                            0x00000000   Number         0  ferror.o ABSOLUTE
    ../../stdio.c                            0x00000000   Number         0  ferror_locked.o ABSOLUTE
    ../../stdlib.c                           0x00000000   Number         0  exit.o ABSOLUTE
    ../../usenofp.s                          0x00000000   Number         0  usenofp.o ABSOLUTE
    ..\CORE\core_cm3.c                       0x00000000   Number         0  core_cm3.o ABSOLUTE
    ..\CORE\startup_stm32f10x_md.s           0x00000000   Number         0  startup_stm32f10x_md.o ABSOLUTE
    ..\HARDWARE\EEPROM\eeprom.c              0x00000000   Number         0  eeprom.o ABSOLUTE
    ..\HARDWARE\HMC5883L\HMC5883L.c          0x00000000   Number         0  hmc5883l.o ABSOLUTE
    ..\HARDWARE\IIC\IIC.c                    0x00000000   Number         0  iic.o ABSOLUTE
    ..\HARDWARE\KEY\key.c                    0x00000000   Number         0  key.o ABSOLUTE
    ..\HARDWARE\LED\led.c                    0x00000000   Number         0  led.o ABSOLUTE
    ..\HARDWARE\MPU6050\MPU6050.c            0x00000000   Number         0  mpu6050.o ABSOLUTE
    ..\STM32F10x_FWLib\src\misc.c            0x00000000   Number         0  misc.o ABSOLUTE
    ..\STM32F10x_FWLib\src\stm32f10x_adc.c   0x00000000   Number         0  stm32f10x_adc.o ABSOLUTE
    ..\STM32F10x_FWLib\src\stm32f10x_bkp.c   0x00000000   Number         0  stm32f10x_bkp.o ABSOLUTE
    ..\STM32F10x_FWLib\src\stm32f10x_can.c   0x00000000   Number         0  stm32f10x_can.o ABSOLUTE
    ..\STM32F10x_FWLib\src\stm32f10x_cec.c   0x00000000   Number         0  stm32f10x_cec.o ABSOLUTE
    ..\STM32F10x_FWLib\src\stm32f10x_crc.c   0x00000000   Number         0  stm32f10x_crc.o ABSOLUTE
    ..\STM32F10x_FWLib\src\stm32f10x_dac.c   0x00000000   Number         0  stm32f10x_dac.o ABSOLUTE
    ..\STM32F10x_FWLib\src\stm32f10x_dbgmcu.c 0x00000000   Number         0  stm32f10x_dbgmcu.o ABSOLUTE
    ..\STM32F10x_FWLib\src\stm32f10x_dma.c   0x00000000   Number         0  stm32f10x_dma.o ABSOLUTE
    ..\STM32F10x_FWLib\src\stm32f10x_exti.c  0x00000000   Number         0  stm32f10x_exti.o ABSOLUTE
    ..\STM32F10x_FWLib\src\stm32f10x_flash.c 0x00000000   Number         0  stm32f10x_flash.o ABSOLUTE
    ..\STM32F10x_FWLib\src\stm32f10x_fsmc.c  0x00000000   Number         0  stm32f10x_fsmc.o ABSOLUTE
    ..\STM32F10x_FWLib\src\stm32f10x_gpio.c  0x00000000   Number         0  stm32f10x_gpio.o ABSOLUTE
    ..\STM32F10x_FWLib\src\stm32f10x_i2c.c   0x00000000   Number         0  stm32f10x_i2c.o ABSOLUTE
    ..\STM32F10x_FWLib\src\stm32f10x_iwdg.c  0x00000000   Number         0  stm32f10x_iwdg.o ABSOLUTE
    ..\STM32F10x_FWLib\src\stm32f10x_pwr.c   0x00000000   Number         0  stm32f10x_pwr.o ABSOLUTE
    ..\STM32F10x_FWLib\src\stm32f10x_rcc.c   0x00000000   Number         0  stm32f10x_rcc.o ABSOLUTE
    ..\STM32F10x_FWLib\src\stm32f10x_rtc.c   0x00000000   Number         0  stm32f10x_rtc.o ABSOLUTE
    ..\STM32F10x_FWLib\src\stm32f10x_sdio.c  0x00000000   Number         0  stm32f10x_sdio.o ABSOLUTE
    ..\STM32F10x_FWLib\src\stm32f10x_spi.c   0x00000000   Number         0  stm32f10x_spi.o ABSOLUTE
    ..\STM32F10x_FWLib\src\stm32f10x_tim.c   0x00000000   Number         0  stm32f10x_tim.o ABSOLUTE
    ..\STM32F10x_FWLib\src\stm32f10x_usart.c 0x00000000   Number         0  stm32f10x_usart.o ABSOLUTE
    ..\STM32F10x_FWLib\src\stm32f10x_wwdg.c  0x00000000   Number         0  stm32f10x_wwdg.o ABSOLUTE
    ..\SYSTEM\delay\delay.c                  0x00000000   Number         0  delay.o ABSOLUTE
    ..\SYSTEM\sys\sys.c                      0x00000000   Number         0  sys.o ABSOLUTE
    ..\SYSTEM\usart\usart.c                  0x00000000   Number         0  usart.o ABSOLUTE
    ..\\CORE\\core_cm3.c                     0x00000000   Number         0  core_cm3.o ABSOLUTE
    dc.s                                     0x00000000   Number         0  dc.o ABSOLUTE
    main.c                                   0x00000000   Number         0  main.o ABSOLUTE
    stm32f10x_it.c                           0x00000000   Number         0  stm32f10x_it.o ABSOLUTE
    system_stm32f10x.c                       0x00000000   Number         0  system_stm32f10x.o ABSOLUTE
    RESET                                    0x08000000   Section      236  startup_stm32f10x_md.o(RESET)
    !!!main                                  0x080000ec   Section        8  __main.o(!!!main)
    !!!scatter                               0x080000f4   Section       52  __scatter.o(!!!scatter)
    !!handler_copy                           0x08000128   Section       26  __scatter_copy.o(!!handler_copy)
    !!handler_zi                             0x08000144   Section       28  __scatter_zi.o(!!handler_zi)
    .ARM.Collect$$_printf_percent$$00000000  0x08000160   Section        0  _printf_percent.o(.ARM.Collect$$_printf_percent$$00000000)
    .ARM.Collect$$_printf_percent$$00000009  0x08000160   Section        6  _printf_d.o(.ARM.Collect$$_printf_percent$$00000009)
    .ARM.Collect$$_printf_percent$$00000017  0x08000166   Section        4  _printf_percent_end.o(.ARM.Collect$$_printf_percent$$00000017)
    .ARM.Collect$$libinit$$00000000          0x0800016a   Section        6  libinit.o(.ARM.Collect$$libinit$$00000000)
    .ARM.Collect$$libinit$$00000006          0x08000170   Section        0  libinit2.o(.ARM.Collect$$libinit$$00000006)
    .ARM.Collect$$libinit$$00000008          0x08000170   Section        0  libinit2.o(.ARM.Collect$$libinit$$00000008)
    .ARM.Collect$$libinit$$0000000A          0x08000170   Section        0  libinit2.o(.ARM.Collect$$libinit$$0000000A)
    .ARM.Collect$$libinit$$0000000D          0x08000170   Section        0  libinit2.o(.ARM.Collect$$libinit$$0000000D)
    .ARM.Collect$$libinit$$0000000F          0x08000170   Section        0  libinit2.o(.ARM.Collect$$libinit$$0000000F)
    .ARM.Collect$$libinit$$00000011          0x08000170   Section        0  libinit2.o(.ARM.Collect$$libinit$$00000011)
    .ARM.Collect$$libinit$$00000013          0x08000170   Section        0  libinit2.o(.ARM.Collect$$libinit$$00000013)
    .ARM.Collect$$libinit$$00000015          0x08000170   Section        0  libinit2.o(.ARM.Collect$$libinit$$00000015)
    .ARM.Collect$$libinit$$00000017          0x08000170   Section        0  libinit2.o(.ARM.Collect$$libinit$$00000017)
    .ARM.Collect$$libinit$$00000019          0x08000170   Section        0  libinit2.o(.ARM.Collect$$libinit$$00000019)
    .ARM.Collect$$libinit$$0000001B          0x08000170   Section        0  libinit2.o(.ARM.Collect$$libinit$$0000001B)
    .ARM.Collect$$libinit$$0000001D          0x08000170   Section        0  libinit2.o(.ARM.Collect$$libinit$$0000001D)
    .ARM.Collect$$libinit$$0000001F          0x08000170   Section        0  libinit2.o(.ARM.Collect$$libinit$$0000001F)
    .ARM.Collect$$libinit$$00000021          0x08000170   Section        0  libinit2.o(.ARM.Collect$$libinit$$00000021)
    .ARM.Collect$$libinit$$00000028          0x08000170   Section        0  libinit2.o(.ARM.Collect$$libinit$$00000028)
    .ARM.Collect$$libinit$$0000002A          0x08000170   Section        0  libinit2.o(.ARM.Collect$$libinit$$0000002A)
    .ARM.Collect$$libinit$$0000002C          0x08000170   Section        0  libinit2.o(.ARM.Collect$$libinit$$0000002C)
    .ARM.Collect$$libinit$$0000002E          0x08000170   Section        0  libinit2.o(.ARM.Collect$$libinit$$0000002E)
    .ARM.Collect$$libinit$$0000002F          0x08000170   Section        2  libinit2.o(.ARM.Collect$$libinit$$0000002F)
    .ARM.Collect$$libshutdown$$00000000      0x08000172   Section        2  libshutdown.o(.ARM.Collect$$libshutdown$$00000000)
    .ARM.Collect$$libshutdown$$00000003      0x08000174   Section        0  libshutdown2.o(.ARM.Collect$$libshutdown$$00000003)
    .ARM.Collect$$libshutdown$$00000006      0x08000174   Section        0  libshutdown2.o(.ARM.Collect$$libshutdown$$00000006)
    .ARM.Collect$$libshutdown$$00000009      0x08000174   Section        0  libshutdown2.o(.ARM.Collect$$libshutdown$$00000009)
    .ARM.Collect$$libshutdown$$0000000B      0x08000174   Section        0  libshutdown2.o(.ARM.Collect$$libshutdown$$0000000B)
    .ARM.Collect$$libshutdown$$0000000E      0x08000174   Section        0  libshutdown2.o(.ARM.Collect$$libshutdown$$0000000E)
    .ARM.Collect$$libshutdown$$0000000F      0x08000174   Section        2  libshutdown2.o(.ARM.Collect$$libshutdown$$0000000F)
    .ARM.Collect$$rtentry$$00000000          0x08000176   Section        0  rtentry.o(.ARM.Collect$$rtentry$$00000000)
    .ARM.Collect$$rtentry$$00000002          0x08000176   Section        0  rtentry2.o(.ARM.Collect$$rtentry$$00000002)
    .ARM.Collect$$rtentry$$00000004          0x08000176   Section        6  rtentry4.o(.ARM.Collect$$rtentry$$00000004)
    .ARM.Collect$$rtentry$$00000009          0x0800017c   Section        0  rtentry2.o(.ARM.Collect$$rtentry$$00000009)
    .ARM.Collect$$rtentry$$0000000A          0x0800017c   Section        4  rtentry2.o(.ARM.Collect$$rtentry$$0000000A)
    .ARM.Collect$$rtentry$$0000000C          0x08000180   Section        0  rtentry2.o(.ARM.Collect$$rtentry$$0000000C)
    .ARM.Collect$$rtentry$$0000000D          0x08000180   Section        8  rtentry2.o(.ARM.Collect$$rtentry$$0000000D)
    .ARM.Collect$$rtexit$$00000000           0x08000188   Section        2  rtexit.o(.ARM.Collect$$rtexit$$00000000)
    .ARM.Collect$$rtexit$$00000002           0x0800018a   Section        0  rtexit2.o(.ARM.Collect$$rtexit$$00000002)
    .ARM.Collect$$rtexit$$00000003           0x0800018a   Section        4  rtexit2.o(.ARM.Collect$$rtexit$$00000003)
    .ARM.Collect$$rtexit$$00000004           0x0800018e   Section        6  rtexit2.o(.ARM.Collect$$rtexit$$00000004)
    .text                                    0x08000194   Section        0  main.o(.text)
    .text                                    0x08000374   Section        0  stm32f10x_it.o(.text)
    .text                                    0x08000390   Section        0  system_stm32f10x.o(.text)
    SetSysClockTo72                          0x08000391   Thumb Code   192  system_stm32f10x.o(.text)
    SetSysClock                              0x08000451   Thumb Code     8  system_stm32f10x.o(.text)
    .text                                    0x08000558   Section        0  led.o(.text)
    .text                                    0x080005bc   Section        0  iic.o(.text)
    .text                                    0x080009f0   Section        0  mpu6050.o(.text)
    .text                                    0x08001018   Section        0  eeprom.o(.text)
    .text                                    0x08001130   Section        0  hmc5883l.o(.text)
    .text                                    0x08001978   Section        0  delay.o(.text)
    .text                                    0x08001a14   Section        0  sys.o(.text)
    .text                                    0x08001a20   Section        0  usart.o(.text)
    .text                                    0x08001b60   Section       64  startup_stm32f10x_md.o(.text)
    .text                                    0x08001ba0   Section        0  misc.o(.text)
    .text                                    0x08001c7c   Section        0  stm32f10x_flash.o(.text)
    .text                                    0x08002234   Section        0  stm32f10x_gpio.o(.text)
    .text                                    0x0800258c   Section        0  stm32f10x_rcc.o(.text)
    .text                                    0x0800292c   Section        0  stm32f10x_usart.o(.text)
    .text                                    0x08002d38   Section        2  use_no_semi_2.o(.text)
    .text                                    0x08002d3c   Section        0  noretval__2printf.o(.text)
    .text                                    0x08002d54   Section        0  __printf.o(.text)
    .text                                    0x08002dc0   Section        0  _printf_dec.o(.text)
    .text                                    0x08002e38   Section        0  heapauxi.o(.text)
    .text                                    0x08002e3e   Section        2  use_no_semi.o(.text)
    .text                                    0x08002e40   Section        0  _printf_intcommon.o(.text)
    .text                                    0x08002ef8   Section        0  _printf_char_file.o(.text)
    .text                                    0x08002f1c   Section        0  _printf_char_common.o(.text)
    _printf_input_char                       0x08002f1d   Thumb Code    10  _printf_char_common.o(.text)
    .text                                    0x08002f4c   Section        0  ferror.o(.text)
    .text                                    0x08002f54   Section       74  sys_stackheap_outer.o(.text)
    .text                                    0x08002f9e   Section        0  exit.o(.text)
    .text                                    0x08002fac   Section        8  libspace.o(.text)
    .text                                    0x08002fb4   Section        8  rt_fp_status_addr_intlibspace.o(.text)
    x$fpl$d2f                                0x08002fbc   Section       98  d2f.o(x$fpl$d2f)
    x$fpl$ddiv                               0x08003020   Section      688  ddiv.o(x$fpl$ddiv)
    ddiv_entry                               0x08003027   Thumb Code     0  ddiv.o(x$fpl$ddiv)
    x$fpl$dfix                               0x080032d0   Section       94  dfix.o(x$fpl$dfix)
    x$fpl$dflt                               0x0800332e   Section       46  dflt_clz.o(x$fpl$dflt)
    x$fpl$dfltu                              0x0800335c   Section       38  dflt_clz.o(x$fpl$dfltu)
    x$fpl$dmul                               0x08003384   Section      340  dmul.o(x$fpl$dmul)
    x$fpl$dnaninf                            0x080034d8   Section      156  dnaninf.o(x$fpl$dnaninf)
    x$fpl$dretinf                            0x08003574   Section       12  dretinf.o(x$fpl$dretinf)
    x$fpl$fadd                               0x08003580   Section      196  faddsub_clz.o(x$fpl$fadd)
    _fadd1                                   0x0800358f   Thumb Code     0  faddsub_clz.o(x$fpl$fadd)
    x$fpl$fdiv                               0x08003644   Section      388  fdiv.o(x$fpl$fdiv)
    _fdiv1                                   0x08003645   Thumb Code     0  fdiv.o(x$fpl$fdiv)
    x$fpl$ffix                               0x080037c8   Section       54  ffix.o(x$fpl$ffix)
    x$fpl$fflt                               0x08003800   Section       48  fflt_clz.o(x$fpl$fflt)
    x$fpl$fnaninf                            0x08003830   Section      140  fnaninf.o(x$fpl$fnaninf)
    x$fpl$fpinit                             0x080038bc   Section       14  fpinit.o(x$fpl$fpinit)
    x$fpl$fretinf                            0x080038ca   Section       10  fretinf.o(x$fpl$fretinf)
    x$fpl$fsub                               0x080038d4   Section      234  faddsub_clz.o(x$fpl$fsub)
    _fsub1                                   0x080038e3   Thumb Code     0  faddsub_clz.o(x$fpl$fsub)
    .constdata                               0x080039be   Section       16  hmc5883l.o(.constdata)
    x$fpl$usenofp                            0x080039be   Section        0  usenofp.o(x$fpl$usenofp)
    .data                                    0x20000000   Section       50  main.o(.data)
    .data                                    0x20000034   Section       20  system_stm32f10x.o(.data)
    .data                                    0x20000048   Section       24  mpu6050.o(.data)
    .data                                    0x20000060   Section       40  hmc5883l.o(.data)
    .data                                    0x20000088   Section        4  delay.o(.data)
    fac_us                                   0x20000088   Data           1  delay.o(.data)
    fac_ms                                   0x2000008a   Data           2  delay.o(.data)
    .data                                    0x2000008c   Section        8  usart.o(.data)
    .data                                    0x20000094   Section       20  stm32f10x_rcc.o(.data)
    APBAHBPrescTable                         0x20000094   Data          16  stm32f10x_rcc.o(.data)
    ADCPrescTable                            0x200000a4   Data           4  stm32f10x_rcc.o(.data)
    .bss                                     0x200000a8   Section      146  mpu6050.o(.bss)
    .bss                                     0x2000013a   Section       66  hmc5883l.o(.bss)
    .bss                                     0x2000017c   Section       64  usart.o(.bss)
    .bss                                     0x200001bc   Section       96  libspace.o(.bss)
    HEAP                                     0x20000220   Section      512  startup_stm32f10x_md.o(HEAP)
    Heap_Mem                                 0x20000220   Data         512  startup_stm32f10x_md.o(HEAP)
    STACK                                    0x20000420   Section     1024  startup_stm32f10x_md.o(STACK)
    Stack_Mem                                0x20000420   Data        1024  startup_stm32f10x_md.o(STACK)
    __initial_sp                             0x20000820   Data           0  startup_stm32f10x_md.o(STACK)

    Global Symbols

    Symbol Name                              Value     Ov Type        Size  Object(Section)

    BuildAttributes$$THM_ISAv4$P$D$K$B$S$PE$A:L22UL41UL21$X:L11$S22US41US21$IEEE1$IW$USESV6$~STKCKD$USESV7$~SHL$OSPACE$ROPI$EBA8$UX$STANDARDLIB$REQ8$PRES8$EABIv2 0x00000000   Number         0  anon$$obj.o ABSOLUTE
    __ARM_use_no_argv                        0x00000000   Number         0  main.o ABSOLUTE
    __ARM_exceptions_init                     - Undefined Weak Reference
    __alloca_initialize                       - Undefined Weak Reference
    __cpp_initialize__aeabi_                  - Undefined Weak Reference
    __cxa_finalize                            - Undefined Weak Reference
    __rt_locale                               - Undefined Weak Reference
    __sigvec_lookup                           - Undefined Weak Reference
    _atexit_init                              - Undefined Weak Reference
    _call_atexit_fns                          - Undefined Weak Reference
    _clock_init                               - Undefined Weak Reference
    _fp_trap_init                             - Undefined Weak Reference
    _fp_trap_shutdown                         - Undefined Weak Reference
    _get_lc_collate                           - Undefined Weak Reference
    _get_lc_ctype                             - Undefined Weak Reference
    _get_lc_monetary                          - Undefined Weak Reference
    _get_lc_numeric                           - Undefined Weak Reference
    _get_lc_time                              - Undefined Weak Reference
    _getenv_init                              - Undefined Weak Reference
    _handle_redirection                       - Undefined Weak Reference
    _init_alloc                               - Undefined Weak Reference
    _init_user_alloc                          - Undefined Weak Reference
    _initio                                   - Undefined Weak Reference
    _mutex_acquire                            - Undefined Weak Reference
    _mutex_release                            - Undefined Weak Reference
    _printf_post_padding                      - Undefined Weak Reference
    _printf_pre_padding                       - Undefined Weak Reference
    _printf_truncate_signed                   - Undefined Weak Reference
    _printf_truncate_unsigned                 - Undefined Weak Reference
    _rand_init                                - Undefined Weak Reference
    _signal_finish                            - Undefined Weak Reference
    _signal_init                              - Undefined Weak Reference
    _terminate_alloc                          - Undefined Weak Reference
    _terminate_user_alloc                     - Undefined Weak Reference
    _terminateio                              - Undefined Weak Reference
    __Vectors_Size                           0x000000ec   Number         0  startup_stm32f10x_md.o ABSOLUTE
    __Vectors                                0x08000000   Data           4  startup_stm32f10x_md.o(RESET)
    __Vectors_End                            0x080000ec   Data           0  startup_stm32f10x_md.o(RESET)
    __main                                   0x080000ed   Thumb Code     8  __main.o(!!!main)
    __scatterload                            0x080000f5   Thumb Code     0  __scatter.o(!!!scatter)
    __scatterload_rt2                        0x080000f5   Thumb Code    44  __scatter.o(!!!scatter)
    __scatterload_rt2_thumb_only             0x080000f5   Thumb Code     0  __scatter.o(!!!scatter)
    __scatterload_null                       0x08000103   Thumb Code     0  __scatter.o(!!!scatter)
    __scatterload_copy                       0x08000129   Thumb Code    26  __scatter_copy.o(!!handler_copy)
    __scatterload_zeroinit                   0x08000145   Thumb Code    28  __scatter_zi.o(!!handler_zi)
    _printf_d                                0x08000161   Thumb Code     0  _printf_d.o(.ARM.Collect$$_printf_percent$$00000009)
    _printf_percent                          0x08000161   Thumb Code     0  _printf_percent.o(.ARM.Collect$$_printf_percent$$00000000)
    _printf_percent_end                      0x08000167   Thumb Code     0  _printf_percent_end.o(.ARM.Collect$$_printf_percent$$00000017)
    __rt_lib_init                            0x0800016b   Thumb Code     0  libinit.o(.ARM.Collect$$libinit$$00000000)
    __rt_lib_init_alloca_1                   0x08000171   Thumb Code     0  libinit2.o(.ARM.Collect$$libinit$$0000002A)
    __rt_lib_init_argv_1                     0x08000171   Thumb Code     0  libinit2.o(.ARM.Collect$$libinit$$00000028)
    __rt_lib_init_atexit_1                   0x08000171   Thumb Code     0  libinit2.o(.ARM.Collect$$libinit$$00000017)
    __rt_lib_init_clock_1                    0x08000171   Thumb Code     0  libinit2.o(.ARM.Collect$$libinit$$0000001D)
    __rt_lib_init_cpp_1                      0x08000171   Thumb Code     0  libinit2.o(.ARM.Collect$$libinit$$0000002E)
    __rt_lib_init_exceptions_1               0x08000171   Thumb Code     0  libinit2.o(.ARM.Collect$$libinit$$0000002C)
    __rt_lib_init_fp_trap_1                  0x08000171   Thumb Code     0  libinit2.o(.ARM.Collect$$libinit$$0000001B)
    __rt_lib_init_getenv_1                   0x08000171   Thumb Code     0  libinit2.o(.ARM.Collect$$libinit$$0000001F)
    __rt_lib_init_heap_1                     0x08000171   Thumb Code     0  libinit2.o(.ARM.Collect$$libinit$$00000006)
    __rt_lib_init_lc_collate_1               0x08000171   Thumb Code     0  libinit2.o(.ARM.Collect$$libinit$$0000000D)
    __rt_lib_init_lc_ctype_1                 0x08000171   Thumb Code     0  libinit2.o(.ARM.Collect$$libinit$$0000000F)
    __rt_lib_init_lc_monetary_1              0x08000171   Thumb Code     0  libinit2.o(.ARM.Collect$$libinit$$00000011)
    __rt_lib_init_lc_numeric_1               0x08000171   Thumb Code     0  libinit2.o(.ARM.Collect$$libinit$$00000013)
    __rt_lib_init_lc_time_1                  0x08000171   Thumb Code     0  libinit2.o(.ARM.Collect$$libinit$$00000015)
    __rt_lib_init_rand_1                     0x08000171   Thumb Code     0  libinit2.o(.ARM.Collect$$libinit$$0000000A)
    __rt_lib_init_return                     0x08000171   Thumb Code     0  libinit2.o(.ARM.Collect$$libinit$$0000002F)
    __rt_lib_init_signal_1                   0x08000171   Thumb Code     0  libinit2.o(.ARM.Collect$$libinit$$00000019)
    __rt_lib_init_stdio_1                    0x08000171   Thumb Code     0  libinit2.o(.ARM.Collect$$libinit$$00000021)
    __rt_lib_init_user_alloc_1               0x08000171   Thumb Code     0  libinit2.o(.ARM.Collect$$libinit$$00000008)
    __rt_lib_shutdown                        0x08000173   Thumb Code     0  libshutdown.o(.ARM.Collect$$libshutdown$$00000000)
    __rt_lib_shutdown_fp_trap_1              0x08000175   Thumb Code     0  libshutdown2.o(.ARM.Collect$$libshutdown$$00000006)
    __rt_lib_shutdown_heap_1                 0x08000175   Thumb Code     0  libshutdown2.o(.ARM.Collect$$libshutdown$$0000000E)
    __rt_lib_shutdown_return                 0x08000175   Thumb Code     0  libshutdown2.o(.ARM.Collect$$libshutdown$$0000000F)
    __rt_lib_shutdown_signal_1               0x08000175   Thumb Code     0  libshutdown2.o(.ARM.Collect$$libshutdown$$00000009)
    __rt_lib_shutdown_stdio_1                0x08000175   Thumb Code     0  libshutdown2.o(.ARM.Collect$$libshutdown$$00000003)
    __rt_lib_shutdown_user_alloc_1           0x08000175   Thumb Code     0  libshutdown2.o(.ARM.Collect$$libshutdown$$0000000B)
    __rt_entry                               0x08000177   Thumb Code     0  rtentry.o(.ARM.Collect$$rtentry$$00000000)
    __rt_entry_presh_1                       0x08000177   Thumb Code     0  rtentry2.o(.ARM.Collect$$rtentry$$00000002)
    __rt_entry_sh                            0x08000177   Thumb Code     0  rtentry4.o(.ARM.Collect$$rtentry$$00000004)
    __rt_entry_li                            0x0800017d   Thumb Code     0  rtentry2.o(.ARM.Collect$$rtentry$$0000000A)
    __rt_entry_postsh_1                      0x0800017d   Thumb Code     0  rtentry2.o(.ARM.Collect$$rtentry$$00000009)
    __rt_entry_main                          0x08000181   Thumb Code     0  rtentry2.o(.ARM.Collect$$rtentry$$0000000D)
    __rt_entry_postli_1                      0x08000181   Thumb Code     0  rtentry2.o(.ARM.Collect$$rtentry$$0000000C)
    __rt_exit                                0x08000189   Thumb Code     0  rtexit.o(.ARM.Collect$$rtexit$$00000000)
    __rt_exit_ls                             0x0800018b   Thumb Code     0  rtexit2.o(.ARM.Collect$$rtexit$$00000003)
    __rt_exit_prels_1                        0x0800018b   Thumb Code     0  rtexit2.o(.ARM.Collect$$rtexit$$00000002)
    __rt_exit_exit                           0x0800018f   Thumb Code     0  rtexit2.o(.ARM.Collect$$rtexit$$00000004)
    main                                     0x08000195   Thumb Code   356  main.o(.text)
    NMI_Handler                              0x08000375   Thumb Code     2  stm32f10x_it.o(.text)
    HardFault_Handler                        0x08000377   Thumb Code     4  stm32f10x_it.o(.text)
    MemManage_Handler                        0x0800037b   Thumb Code     4  stm32f10x_it.o(.text)
    BusFault_Handler                         0x0800037f   Thumb Code     4  stm32f10x_it.o(.text)
    UsageFault_Handler                       0x08000383   Thumb Code     4  stm32f10x_it.o(.text)
    SVC_Handler                              0x08000387   Thumb Code     2  stm32f10x_it.o(.text)
    DebugMon_Handler                         0x08000389   Thumb Code     2  stm32f10x_it.o(.text)
    PendSV_Handler                           0x0800038b   Thumb Code     2  stm32f10x_it.o(.text)
    SysTick_Handler                          0x0800038d   Thumb Code     2  stm32f10x_it.o(.text)
    SystemInit                               0x08000459   Thumb Code    78  system_stm32f10x.o(.text)
    SystemCoreClockUpdate                    0x080004a7   Thumb Code   142  system_stm32f10x.o(.text)
    LED_Init                                 0x08000559   Thumb Code    92  led.o(.text)
    IIC_Init                                 0x080005bd   Thumb Code    38  iic.o(.text)
    IIC_Start                                0x080005e3   Thumb Code    68  iic.o(.text)
    IIC_Stop                                 0x08000627   Thumb Code    66  iic.o(.text)
    IIC_Wait_Ack                             0x08000669   Thumb Code    88  iic.o(.text)
    IIC_Ack                                  0x080006c1   Thumb Code    72  iic.o(.text)
    IIC_NAck                                 0x08000709   Thumb Code    72  iic.o(.text)
    IIC_Send_Byte                            0x08000751   Thumb Code    96  iic.o(.text)
    IIC_Read_Byte                            0x080007b1   Thumb Code    98  iic.o(.text)
    I2C_ReadOneByte                          0x08000813   Thumb Code    70  iic.o(.text)
    IICreadBytes                             0x08000859   Thumb Code   102  iic.o(.text)
    IICwriteBytes                            0x080008bf   Thumb Code    70  iic.o(.text)
    IICreadByte                              0x08000905   Thumb Code    22  iic.o(.text)
    IICwriteByte                             0x0800091b   Thumb Code    20  iic.o(.text)
    IICwriteBits                             0x0800092f   Thumb Code   106  iic.o(.text)
    IICwriteBit                              0x08000999   Thumb Code    86  iic.o(.text)
    MPU6050_1GValue                          0x080009f1   Thumb Code     6  mpu6050.o(.text)
    MPU6050_newValues                        0x080009f7   Thumb Code   494  mpu6050.o(.text)
    MPU6050_setClockSource                   0x08000be5   Thumb Code    20  mpu6050.o(.text)
    MPU6050_setFullScaleGyroRange            0x08000bf9   Thumb Code    20  mpu6050.o(.text)
    MPU6050_setFullScaleAccelRange           0x08000c0d   Thumb Code    20  mpu6050.o(.text)
    MPU6050_setSleepEnabled                  0x08000c21   Thumb Code    18  mpu6050.o(.text)
    MPU6050_getDeviceID                      0x08000c33   Thumb Code    20  mpu6050.o(.text)
    MPU6050_testConnection                   0x08000c47   Thumb Code    18  mpu6050.o(.text)
    MPU6050_setI2CMasterModeEnabled          0x08000c59   Thumb Code    18  mpu6050.o(.text)
    MPU6050_setI2CBypassEnabled              0x08000c6b   Thumb Code    18  mpu6050.o(.text)
    MPU6050_is_DRY                           0x08000c7d   Thumb Code    22  mpu6050.o(.text)
    MPU6050_getMotion6                       0x08000c93   Thumb Code   394  mpu6050.o(.text)
    MPU6050_initialize                       0x08000e1d   Thumb Code   148  mpu6050.o(.text)
    MPU6050_getlastMotion6                   0x08000eb1   Thumb Code    76  mpu6050.o(.text)
    MPU6050_InitGyro_Offset                  0x08000efd   Thumb Code   264  mpu6050.o(.text)
    Read_Gyro_Offset                         0x08001019   Thumb Code    40  eeprom.o(.text)
    Write_Gyro_Offset                        0x08001041   Thumb Code    60  eeprom.o(.text)
    Read_Magic_Offset                        0x0800107d   Thumb Code    70  eeprom.o(.text)
    Write_Magic_Offset                       0x080010c3   Thumb Code   100  eeprom.o(.text)
    HMC5883_IS_newdata                       0x08001131   Thumb Code    22  hmc5883l.o(.text)
    HMC58X3_newValues                        0x08001147   Thumb Code   432  hmc5883l.o(.text)
    HMC58X3_getRaw                           0x080012f7   Thumb Code   118  hmc5883l.o(.text)
    HMC58X3_FIFO_init                        0x0800136d   Thumb Code    32  hmc5883l.o(.text)
    HMC58X3_writeReg                         0x0800138d   Thumb Code    18  hmc5883l.o(.text)
    HMC58X3_getlastValues                    0x0800139f   Thumb Code    22  hmc5883l.o(.text)
    HMC58X3_mgetValues                       0x080013b5   Thumb Code   124  hmc5883l.o(.text)
    HMC58X3_setGain                          0x08001431   Thumb Code    24  hmc5883l.o(.text)
    HMC58X3_setMode                          0x08001449   Thumb Code    28  hmc5883l.o(.text)
    HMC58X3_init                             0x08001465   Thumb Code    54  hmc5883l.o(.text)
    my_min                                   0x0800149b   Thumb Code    14  hmc5883l.o(.text)
    HMC58X3_getID                            0x080014a9   Thumb Code    36  hmc5883l.o(.text)
    HMC58X3_calibrate                        0x080014cd   Thumb Code   928  hmc5883l.o(.text)
    HMC58X3_setDOR                           0x0800186d   Thumb Code    24  hmc5883l.o(.text)
    HMC5883L_SetUp                           0x08001885   Thumb Code    58  hmc5883l.o(.text)
    HMC5883L_Start_Calib                     0x080018bf   Thumb Code    34  hmc5883l.o(.text)
    HMC5883L_Save_Calib                      0x080018e1   Thumb Code    74  hmc5883l.o(.text)
    delay_init                               0x08001979   Thumb Code    40  delay.o(.text)
    delay_ms                                 0x080019a1   Thumb Code    54  delay.o(.text)
    delay_us                                 0x080019d7   Thumb Code    54  delay.o(.text)
    NVIC_Configuration                       0x08001a15   Thumb Code    12  sys.o(.text)
    _sys_exit                                0x08001a21   Thumb Code     6  usart.o(.text)
    fputc                                    0x08001a27   Thumb Code    22  usart.o(.text)
    uart_init                                0x08001a3d   Thumb Code   152  usart.o(.text)
    USART1_IRQHandler                        0x08001ad5   Thumb Code   122  usart.o(.text)
    Reset_Handler                            0x08001b61   Thumb Code     8  startup_stm32f10x_md.o(.text)
    ADC1_2_IRQHandler                        0x08001b7b   Thumb Code     0  startup_stm32f10x_md.o(.text)
    CAN1_RX1_IRQHandler                      0x08001b7b   Thumb Code     0  startup_stm32f10x_md.o(.text)
    CAN1_SCE_IRQHandler                      0x08001b7b   Thumb Code     0  startup_stm32f10x_md.o(.text)
    DMA1_Channel1_IRQHandler                 0x08001b7b   Thumb Code     0  startup_stm32f10x_md.o(.text)
    DMA1_Channel2_IRQHandler                 0x08001b7b   Thumb Code     0  startup_stm32f10x_md.o(.text)
    DMA1_Channel3_IRQHandler                 0x08001b7b   Thumb Code     0  startup_stm32f10x_md.o(.text)
    DMA1_Channel4_IRQHandler                 0x08001b7b   Thumb Code     0  startup_stm32f10x_md.o(.text)
    DMA1_Channel5_IRQHandler                 0x08001b7b   Thumb Code     0  startup_stm32f10x_md.o(.text)
    DMA1_Channel6_IRQHandler                 0x08001b7b   Thumb Code     0  startup_stm32f10x_md.o(.text)
    DMA1_Channel7_IRQHandler                 0x08001b7b   Thumb Code     0  startup_stm32f10x_md.o(.text)
    EXTI0_IRQHandler                         0x08001b7b   Thumb Code     0  startup_stm32f10x_md.o(.text)
    EXTI15_10_IRQHandler                     0x08001b7b   Thumb Code     0  startup_stm32f10x_md.o(.text)
    EXTI1_IRQHandler                         0x08001b7b   Thumb Code     0  startup_stm32f10x_md.o(.text)
    EXTI2_IRQHandler                         0x08001b7b   Thumb Code     0  startup_stm32f10x_md.o(.text)
    EXTI3_IRQHandler                         0x08001b7b   Thumb Code     0  startup_stm32f10x_md.o(.text)
    EXTI4_IRQHandler                         0x08001b7b   Thumb Code     0  startup_stm32f10x_md.o(.text)
    EXTI9_5_IRQHandler                       0x08001b7b   Thumb Code     0  startup_stm32f10x_md.o(.text)
    FLASH_IRQHandler                         0x08001b7b   Thumb Code     0  startup_stm32f10x_md.o(.text)
    I2C1_ER_IRQHandler                       0x08001b7b   Thumb Code     0  startup_stm32f10x_md.o(.text)
    I2C1_EV_IRQHandler                       0x08001b7b   Thumb Code     0  startup_stm32f10x_md.o(.text)
    I2C2_ER_IRQHandler                       0x08001b7b   Thumb Code     0  startup_stm32f10x_md.o(.text)
    I2C2_EV_IRQHandler                       0x08001b7b   Thumb Code     0  startup_stm32f10x_md.o(.text)
    PVD_IRQHandler                           0x08001b7b   Thumb Code     0  startup_stm32f10x_md.o(.text)
    RCC_IRQHandler                           0x08001b7b   Thumb Code     0  startup_stm32f10x_md.o(.text)
    RTCAlarm_IRQHandler                      0x08001b7b   Thumb Code     0  startup_stm32f10x_md.o(.text)
    RTC_IRQHandler                           0x08001b7b   Thumb Code     0  startup_stm32f10x_md.o(.text)
    SPI1_IRQHandler                          0x08001b7b   Thumb Code     0  startup_stm32f10x_md.o(.text)
    SPI2_IRQHandler                          0x08001b7b   Thumb Code     0  startup_stm32f10x_md.o(.text)
    TAMPER_IRQHandler                        0x08001b7b   Thumb Code     0  startup_stm32f10x_md.o(.text)
    TIM1_BRK_IRQHandler                      0x08001b7b   Thumb Code     0  startup_stm32f10x_md.o(.text)
    TIM1_CC_IRQHandler                       0x08001b7b   Thumb Code     0  startup_stm32f10x_md.o(.text)
    TIM1_TRG_COM_IRQHandler                  0x08001b7b   Thumb Code     0  startup_stm32f10x_md.o(.text)
    TIM1_UP_IRQHandler                       0x08001b7b   Thumb Code     0  startup_stm32f10x_md.o(.text)
    TIM2_IRQHandler                          0x08001b7b   Thumb Code     0  startup_stm32f10x_md.o(.text)
    TIM3_IRQHandler                          0x08001b7b   Thumb Code     0  startup_stm32f10x_md.o(.text)
    TIM4_IRQHandler                          0x08001b7b   Thumb Code     0  startup_stm32f10x_md.o(.text)
    USART2_IRQHandler                        0x08001b7b   Thumb Code     0  startup_stm32f10x_md.o(.text)
    USART3_IRQHandler                        0x08001b7b   Thumb Code     0  startup_stm32f10x_md.o(.text)
    USBWakeUp_IRQHandler                     0x08001b7b   Thumb Code     0  startup_stm32f10x_md.o(.text)
    USB_HP_CAN1_TX_IRQHandler                0x08001b7b   Thumb Code     0  startup_stm32f10x_md.o(.text)
    USB_LP_CAN1_RX0_IRQHandler               0x08001b7b   Thumb Code     0  startup_stm32f10x_md.o(.text)
    WWDG_IRQHandler                          0x08001b7b   Thumb Code     0  startup_stm32f10x_md.o(.text)
    __user_initial_stackheap                 0x08001b7d   Thumb Code     0  startup_stm32f10x_md.o(.text)
    NVIC_PriorityGroupConfig                 0x08001ba1   Thumb Code    10  misc.o(.text)
    NVIC_Init                                0x08001bab   Thumb Code   102  misc.o(.text)
    NVIC_SetVectorTable                      0x08001c11   Thumb Code    14  misc.o(.text)
    NVIC_SystemLPConfig                      0x08001c1f   Thumb Code    34  misc.o(.text)
    SysTick_CLKSourceConfig                  0x08001c41   Thumb Code    40  misc.o(.text)
    FLASH_SetLatency                         0x08001c7d   Thumb Code    18  stm32f10x_flash.o(.text)
    FLASH_HalfCycleAccessCmd                 0x08001c8f   Thumb Code    22  stm32f10x_flash.o(.text)
    FLASH_PrefetchBufferCmd                  0x08001ca5   Thumb Code    22  stm32f10x_flash.o(.text)
    FLASH_Unlock                             0x08001cbb   Thumb Code    12  stm32f10x_flash.o(.text)
    FLASH_UnlockBank1                        0x08001cc7   Thumb Code    12  stm32f10x_flash.o(.text)
    FLASH_Lock                               0x08001cd3   Thumb Code    14  stm32f10x_flash.o(.text)
    FLASH_LockBank1                          0x08001ce1   Thumb Code    14  stm32f10x_flash.o(.text)
    FLASH_GetBank1Status                     0x08001cef   Thumb Code    50  stm32f10x_flash.o(.text)
    FLASH_WaitForLastOperation               0x08001d21   Thumb Code    38  stm32f10x_flash.o(.text)
    FLASH_ErasePage                          0x08001d47   Thumb Code    72  stm32f10x_flash.o(.text)
    FLASH_EraseAllPages                      0x08001d8f   Thumb Code    68  stm32f10x_flash.o(.text)
    FLASH_WaitForLastBank1Operation          0x08001dd3   Thumb Code    38  stm32f10x_flash.o(.text)
    FLASH_EraseAllBank1Pages                 0x08001df9   Thumb Code    68  stm32f10x_flash.o(.text)
    FLASH_GetReadOutProtectionStatus         0x08001e3d   Thumb Code    20  stm32f10x_flash.o(.text)
    FLASH_EraseOptionBytes                   0x08001e51   Thumb Code   150  stm32f10x_flash.o(.text)
    FLASH_ProgramWord                        0x08001ee7   Thumb Code    96  stm32f10x_flash.o(.text)
    FLASH_ProgramHalfWord                    0x08001f47   Thumb Code    60  stm32f10x_flash.o(.text)
    FLASH_ProgramOptionByteData              0x08001f83   Thumb Code    72  stm32f10x_flash.o(.text)
    FLASH_EnableWriteProtection              0x08001fcb   Thumb Code   200  stm32f10x_flash.o(.text)
    FLASH_ReadOutProtection                  0x08002093   Thumb Code   156  stm32f10x_flash.o(.text)
    FLASH_UserOptionByteConfig               0x0800212f   Thumb Code    88  stm32f10x_flash.o(.text)
    FLASH_GetUserOptionByte                  0x08002187   Thumb Code     8  stm32f10x_flash.o(.text)
    FLASH_GetWriteProtectionOptionByte       0x0800218f   Thumb Code     6  stm32f10x_flash.o(.text)
    FLASH_GetPrefetchBufferStatus            0x08002195   Thumb Code    20  stm32f10x_flash.o(.text)
    FLASH_ITConfig                           0x080021a9   Thumb Code    26  stm32f10x_flash.o(.text)
    FLASH_GetFlagStatus                      0x080021c3   Thumb Code    42  stm32f10x_flash.o(.text)
    FLASH_ClearFlag                          0x080021ed   Thumb Code     6  stm32f10x_flash.o(.text)
    FLASH_GetStatus                          0x080021f3   Thumb Code    50  stm32f10x_flash.o(.text)
    GPIO_DeInit                              0x08002235   Thumb Code   172  stm32f10x_gpio.o(.text)
    GPIO_AFIODeInit                          0x080022e1   Thumb Code    20  stm32f10x_gpio.o(.text)
    GPIO_Init                                0x080022f5   Thumb Code   274  stm32f10x_gpio.o(.text)
    GPIO_StructInit                          0x08002407   Thumb Code    16  stm32f10x_gpio.o(.text)
    GPIO_ReadInputDataBit                    0x08002417   Thumb Code    18  stm32f10x_gpio.o(.text)
    GPIO_ReadInputData                       0x08002429   Thumb Code     8  stm32f10x_gpio.o(.text)
    GPIO_ReadOutputDataBit                   0x08002431   Thumb Code    18  stm32f10x_gpio.o(.text)
    GPIO_ReadOutputData                      0x08002443   Thumb Code     8  stm32f10x_gpio.o(.text)
    GPIO_SetBits                             0x0800244b   Thumb Code     4  stm32f10x_gpio.o(.text)
    GPIO_ResetBits                           0x0800244f   Thumb Code     4  stm32f10x_gpio.o(.text)
    GPIO_WriteBit                            0x08002453   Thumb Code    10  stm32f10x_gpio.o(.text)
    GPIO_Write                               0x0800245d   Thumb Code     4  stm32f10x_gpio.o(.text)
    GPIO_PinLockConfig                       0x08002461   Thumb Code    18  stm32f10x_gpio.o(.text)
    GPIO_EventOutputConfig                   0x08002473   Thumb Code    26  stm32f10x_gpio.o(.text)
    GPIO_EventOutputCmd                      0x0800248d   Thumb Code     6  stm32f10x_gpio.o(.text)
    GPIO_PinRemapConfig                      0x08002493   Thumb Code   138  stm32f10x_gpio.o(.text)
    GPIO_EXTILineConfig                      0x0800251d   Thumb Code    66  stm32f10x_gpio.o(.text)
    GPIO_ETH_MediaInterfaceConfig            0x0800255f   Thumb Code     6  stm32f10x_gpio.o(.text)
    RCC_DeInit                               0x0800258d   Thumb Code    64  stm32f10x_rcc.o(.text)
    RCC_HSEConfig                            0x080025cd   Thumb Code    70  stm32f10x_rcc.o(.text)
    RCC_GetFlagStatus                        0x08002613   Thumb Code    56  stm32f10x_rcc.o(.text)
    RCC_WaitForHSEStartUp                    0x0800264b   Thumb Code    48  stm32f10x_rcc.o(.text)
    RCC_AdjustHSICalibrationValue            0x0800267b   Thumb Code    20  stm32f10x_rcc.o(.text)
    RCC_HSICmd                               0x0800268f   Thumb Code     6  stm32f10x_rcc.o(.text)
    RCC_PLLConfig                            0x08002695   Thumb Code    24  stm32f10x_rcc.o(.text)
    RCC_PLLCmd                               0x080026ad   Thumb Code     6  stm32f10x_rcc.o(.text)
    RCC_SYSCLKConfig                         0x080026b3   Thumb Code    18  stm32f10x_rcc.o(.text)
    RCC_GetSYSCLKSource                      0x080026c5   Thumb Code    10  stm32f10x_rcc.o(.text)
    RCC_HCLKConfig                           0x080026cf   Thumb Code    18  stm32f10x_rcc.o(.text)
    RCC_PCLK1Config                          0x080026e1   Thumb Code    18  stm32f10x_rcc.o(.text)
    RCC_PCLK2Config                          0x080026f3   Thumb Code    20  stm32f10x_rcc.o(.text)
    RCC_ITConfig                             0x08002707   Thumb Code    30  stm32f10x_rcc.o(.text)
    RCC_USBCLKConfig                         0x08002725   Thumb Code     6  stm32f10x_rcc.o(.text)
    RCC_ADCCLKConfig                         0x0800272b   Thumb Code    18  stm32f10x_rcc.o(.text)
    RCC_LSEConfig                            0x0800273d   Thumb Code    44  stm32f10x_rcc.o(.text)
    RCC_LSICmd                               0x08002769   Thumb Code     6  stm32f10x_rcc.o(.text)
    RCC_RTCCLKConfig                         0x0800276f   Thumb Code    12  stm32f10x_rcc.o(.text)
    RCC_RTCCLKCmd                            0x0800277b   Thumb Code     8  stm32f10x_rcc.o(.text)
    RCC_GetClocksFreq                        0x08002783   Thumb Code   192  stm32f10x_rcc.o(.text)
    RCC_AHBPeriphClockCmd                    0x08002843   Thumb Code    26  stm32f10x_rcc.o(.text)
    RCC_APB2PeriphClockCmd                   0x0800285d   Thumb Code    26  stm32f10x_rcc.o(.text)
    RCC_APB1PeriphClockCmd                   0x08002877   Thumb Code    26  stm32f10x_rcc.o(.text)
    RCC_APB2PeriphResetCmd                   0x08002891   Thumb Code    26  stm32f10x_rcc.o(.text)
    RCC_APB1PeriphResetCmd                   0x080028ab   Thumb Code    26  stm32f10x_rcc.o(.text)
    RCC_BackupResetCmd                       0x080028c5   Thumb Code     8  stm32f10x_rcc.o(.text)
    RCC_ClockSecuritySystemCmd               0x080028cd   Thumb Code     6  stm32f10x_rcc.o(.text)
    RCC_MCOConfig                            0x080028d3   Thumb Code     6  stm32f10x_rcc.o(.text)
    RCC_ClearFlag                            0x080028d9   Thumb Code    14  stm32f10x_rcc.o(.text)
    RCC_GetITStatus                          0x080028e7   Thumb Code    20  stm32f10x_rcc.o(.text)
    RCC_ClearITPendingBit                    0x080028fb   Thumb Code     6  stm32f10x_rcc.o(.text)
    USART_DeInit                             0x0800292d   Thumb Code   134  stm32f10x_usart.o(.text)
    USART_Init                               0x080029b3   Thumb Code   210  stm32f10x_usart.o(.text)
    USART_StructInit                         0x08002a85   Thumb Code    24  stm32f10x_usart.o(.text)
    USART_ClockInit                          0x08002a9d   Thumb Code    34  stm32f10x_usart.o(.text)
    USART_ClockStructInit                    0x08002abf   Thumb Code    12  stm32f10x_usart.o(.text)
    USART_Cmd                                0x08002acb   Thumb Code    24  stm32f10x_usart.o(.text)
    USART_ITConfig                           0x08002ae3   Thumb Code    74  stm32f10x_usart.o(.text)
    USART_DMACmd                             0x08002b2d   Thumb Code    24  stm32f10x_usart.o(.text)
    USART_SetAddress                         0x08002b45   Thumb Code    18  stm32f10x_usart.o(.text)
    USART_WakeUpConfig                       0x08002b57   Thumb Code    18  stm32f10x_usart.o(.text)
    USART_ReceiverWakeUpCmd                  0x08002b69   Thumb Code    24  stm32f10x_usart.o(.text)
    USART_LINBreakDetectLengthConfig         0x08002b81   Thumb Code    18  stm32f10x_usart.o(.text)
    USART_LINCmd                             0x08002b93   Thumb Code    24  stm32f10x_usart.o(.text)
    USART_SendData                           0x08002bab   Thumb Code     8  stm32f10x_usart.o(.text)
    USART_ReceiveData                        0x08002bb3   Thumb Code    10  stm32f10x_usart.o(.text)
    USART_SendBreak                          0x08002bbd   Thumb Code    10  stm32f10x_usart.o(.text)
    USART_SetGuardTime                       0x08002bc7   Thumb Code    16  stm32f10x_usart.o(.text)
    USART_SetPrescaler                       0x08002bd7   Thumb Code    16  stm32f10x_usart.o(.text)
    USART_SmartCardCmd                       0x08002be7   Thumb Code    24  stm32f10x_usart.o(.text)
    USART_SmartCardNACKCmd                   0x08002bff   Thumb Code    24  stm32f10x_usart.o(.text)
    USART_HalfDuplexCmd                      0x08002c17   Thumb Code    24  stm32f10x_usart.o(.text)
    USART_OverSampling8Cmd                   0x08002c2f   Thumb Code    22  stm32f10x_usart.o(.text)
    USART_OneBitMethodCmd                    0x08002c45   Thumb Code    24  stm32f10x_usart.o(.text)
    USART_IrDAConfig                         0x08002c5d   Thumb Code    18  stm32f10x_usart.o(.text)
    USART_IrDACmd                            0x08002c6f   Thumb Code    24  stm32f10x_usart.o(.text)
    USART_GetFlagStatus                      0x08002c87   Thumb Code    26  stm32f10x_usart.o(.text)
    USART_ClearFlag                          0x08002ca1   Thumb Code    18  stm32f10x_usart.o(.text)
    USART_GetITStatus                        0x08002cb3   Thumb Code    84  stm32f10x_usart.o(.text)
    USART_ClearITPendingBit                  0x08002d07   Thumb Code    50  stm32f10x_usart.o(.text)
    __use_no_semihosting                     0x08002d39   Thumb Code     2  use_no_semi_2.o(.text)
    __2printf                                0x08002d3d   Thumb Code    20  noretval__2printf.o(.text)
    __printf                                 0x08002d55   Thumb Code   106  __printf.o(.text)
    _printf_int_dec                          0x08002dc1   Thumb Code   102  _printf_dec.o(.text)
    __use_two_region_memory                  0x08002e39   Thumb Code     2  heapauxi.o(.text)
    __rt_heap_escrow$2region                 0x08002e3b   Thumb Code     2  heapauxi.o(.text)
    __rt_heap_expand$2region                 0x08002e3d   Thumb Code     2  heapauxi.o(.text)
    __I$use$semihosting                      0x08002e3f   Thumb Code     0  use_no_semi.o(.text)
    __use_no_semihosting_swi                 0x08002e3f   Thumb Code     2  use_no_semi.o(.text)
    _printf_int_common                       0x08002e41   Thumb Code   184  _printf_intcommon.o(.text)
    _printf_char_file                        0x08002ef9   Thumb Code    32  _printf_char_file.o(.text)
    _printf_char_common                      0x08002f27   Thumb Code    32  _printf_char_common.o(.text)
    ferror                                   0x08002f4d   Thumb Code     8  ferror.o(.text)
    __user_setup_stackheap                   0x08002f55   Thumb Code    74  sys_stackheap_outer.o(.text)
    exit                                     0x08002f9f   Thumb Code    12  exit.o(.text)
    __user_libspace                          0x08002fad   Thumb Code     8  libspace.o(.text)
    __user_perproc_libspace                  0x08002fad   Thumb Code     0  libspace.o(.text)
    __user_perthread_libspace                0x08002fad   Thumb Code     0  libspace.o(.text)
    __rt_fp_status_addr                      0x08002fb5   Thumb Code     8  rt_fp_status_addr_intlibspace.o(.text)
    __aeabi_d2f                              0x08002fbd   Thumb Code     0  d2f.o(x$fpl$d2f)
    _d2f                                     0x08002fbd   Thumb Code    98  d2f.o(x$fpl$d2f)
    __aeabi_ddiv                             0x08003021   Thumb Code     0  ddiv.o(x$fpl$ddiv)
    _ddiv                                    0x08003021   Thumb Code   552  ddiv.o(x$fpl$ddiv)
    __aeabi_d2iz                             0x080032d1   Thumb Code     0  dfix.o(x$fpl$dfix)
    _dfix                                    0x080032d1   Thumb Code    94  dfix.o(x$fpl$dfix)
    __aeabi_i2d                              0x0800332f   Thumb Code     0  dflt_clz.o(x$fpl$dflt)
    _dflt                                    0x0800332f   Thumb Code    46  dflt_clz.o(x$fpl$dflt)
    __aeabi_ui2d                             0x0800335d   Thumb Code     0  dflt_clz.o(x$fpl$dfltu)
    _dfltu                                   0x0800335d   Thumb Code    38  dflt_clz.o(x$fpl$dfltu)
    __aeabi_dmul                             0x08003385   Thumb Code     0  dmul.o(x$fpl$dmul)
    _dmul                                    0x08003385   Thumb Code   332  dmul.o(x$fpl$dmul)
    __fpl_dnaninf                            0x080034d9   Thumb Code   156  dnaninf.o(x$fpl$dnaninf)
    __fpl_dretinf                            0x08003575   Thumb Code    12  dretinf.o(x$fpl$dretinf)
    __aeabi_fadd                             0x08003581   Thumb Code     0  faddsub_clz.o(x$fpl$fadd)
    _fadd                                    0x08003581   Thumb Code   196  faddsub_clz.o(x$fpl$fadd)
    __aeabi_fdiv                             0x08003645   Thumb Code     0  fdiv.o(x$fpl$fdiv)
    _fdiv                                    0x08003645   Thumb Code   384  fdiv.o(x$fpl$fdiv)
    __aeabi_f2iz                             0x080037c9   Thumb Code     0  ffix.o(x$fpl$ffix)
    _ffix                                    0x080037c9   Thumb Code    54  ffix.o(x$fpl$ffix)
    __aeabi_i2f                              0x08003801   Thumb Code     0  fflt_clz.o(x$fpl$fflt)
    _fflt                                    0x08003801   Thumb Code    48  fflt_clz.o(x$fpl$fflt)
    __fpl_fnaninf                            0x08003831   Thumb Code   140  fnaninf.o(x$fpl$fnaninf)
    _fp_init                                 0x080038bd   Thumb Code    14  fpinit.o(x$fpl$fpinit)
    __fplib_config_pureend_doubles           0x080038c9   Thumb Code     0  fpinit.o(x$fpl$fpinit)
    __fpl_fretinf                            0x080038cb   Thumb Code    10  fretinf.o(x$fpl$fretinf)
    __aeabi_fsub                             0x080038d5   Thumb Code     0  faddsub_clz.o(x$fpl$fsub)
    _fsub                                    0x080038d5   Thumb Code   234  faddsub_clz.o(x$fpl$fsub)
    __I$use$fp                               0x080039bf   Thumb Code     0  usenofp.o(x$fpl$usenofp)
    counts_per_milligauss                    0x080039be   Data          16  hmc5883l.o(.constdata)
    Region$$Table$$Base                      0x080039d0   Number         0  anon$$obj.o(Region$$Table)
    Region$$Table$$Limit                     0x080039f0   Number         0  anon$$obj.o(Region$$Table)
    sum                                      0x20000000   Data           4  main.o(.data)
    sum1                                     0x20000004   Data           4  main.o(.data)
    sum2                                     0x20000008   Data           4  main.o(.data)
    ax                                       0x2000000c   Data           2  main.o(.data)
    ay                                       0x2000000e   Data           2  main.o(.data)
    az                                       0x20000010   Data           2  main.o(.data)
    gx                                       0x20000012   Data           2  main.o(.data)
    gy                                       0x20000014   Data           2  main.o(.data)
    gz                                       0x20000016   Data           2  main.o(.data)
    hx                                       0x20000018   Data           2  main.o(.data)
    hy                                       0x2000001a   Data           2  main.o(.data)
    hz                                       0x2000001c   Data           2  main.o(.data)
    hmcvalue                                 0x2000001e   Data           6  main.o(.data)
    XA                                       0x20000024   Data           2  main.o(.data)
    hbuffer                                  0x20000026   Data           6  main.o(.data)
    abuffer                                  0x2000002c   Data           6  main.o(.data)
    SystemCoreClock                          0x20000034   Data           4  system_stm32f10x.o(.data)
    AHBPrescTable                            0x20000038   Data          16  system_stm32f10x.o(.data)
    Gx_offset                                0x20000048   Data           2  mpu6050.o(.data)
    Gy_offset                                0x2000004a   Data           2  mpu6050.o(.data)
    Gz_offset                                0x2000004c   Data           2  mpu6050.o(.data)
    Acc1G_Values                             0x20000050   Data           4  mpu6050.o(.data)
    MPU6050_Lastax                           0x20000054   Data           2  mpu6050.o(.data)
    MPU6050_Lastay                           0x20000056   Data           2  mpu6050.o(.data)
    MPU6050_Lastaz                           0x20000058   Data           2  mpu6050.o(.data)
    MPU6050_Lastgx                           0x2000005a   Data           2  mpu6050.o(.data)
    MPU6050_Lastgy                           0x2000005c   Data           2  mpu6050.o(.data)
    MPU6050_Lastgz                           0x2000005e   Data           2  mpu6050.o(.data)
    HMC5883_maxx                             0x20000060   Data           2  hmc5883l.o(.data)
    HMC5883_maxy                             0x20000062   Data           2  hmc5883l.o(.data)
    HMC5883_maxz                             0x20000064   Data           2  hmc5883l.o(.data)
    HMC5883_minx                             0x20000066   Data           2  hmc5883l.o(.data)
    HMC5883_miny                             0x20000068   Data           2  hmc5883l.o(.data)
    HMC5883_minz                             0x2000006a   Data           2  hmc5883l.o(.data)
    HMC5883_calib                            0x2000006c   Data           1  hmc5883l.o(.data)
    x_scale                                  0x20000070   Data           4  hmc5883l.o(.data)
    y_scale                                  0x20000074   Data           4  hmc5883l.o(.data)
    z_scale                                  0x20000078   Data           4  hmc5883l.o(.data)
    HMC5883_lastx                            0x2000007c   Data           4  hmc5883l.o(.data)
    HMC5883_lasty                            0x20000080   Data           4  hmc5883l.o(.data)
    HMC5883_lastz                            0x20000084   Data           4  hmc5883l.o(.data)
    USART_RX_STA                             0x2000008c   Data           1  usart.o(.data)
    __stdout                                 0x20000090   Data           4  usart.o(.data)
    buffer                                   0x200000a8   Data          14  mpu6050.o(.bss)
    MPU6050_FIFO                             0x200000b6   Data         132  mpu6050.o(.bss)
    HMC5883_FIFO                             0x2000013a   Data          66  hmc5883l.o(.bss)
    USART_RX_BUF                             0x2000017c   Data          64  usart.o(.bss)
    __libspace_start                         0x200001bc   Data          96  libspace.o(.bss)
    __temporary_stack_top$libspace           0x2000021c   Data           0  libspace.o(.bss)



==============================================================================

Memory Map of the image

  Image Entry point : 0x080000ed

  Load Region LR_IROM1 (Base: 0x08000000, Size: 0x00003a98, Max: 0x00020000, ABSOLUTE)

    Execution Region ER_IROM1 (Base: 0x08000000, Size: 0x000039f0, Max: 0x00020000, ABSOLUTE)

    Base Addr    Size         Type   Attr      Idx    E Section Name        Object

    0x08000000   0x000000ec   Data   RO          350    RESET               startup_stm32f10x_md.o
    0x080000ec   0x00000008   Code   RO          669  * !!!main             c_w.l(__main.o)
    0x080000f4   0x00000034   Code   RO          884    !!!scatter          c_w.l(__scatter.o)
    0x08000128   0x0000001a   Code   RO          886    !!handler_copy      c_w.l(__scatter_copy.o)
    0x08000142   0x00000002   PAD
    0x08000144   0x0000001c   Code   RO          888    !!handler_zi        c_w.l(__scatter_zi.o)
    0x08000160   0x00000000   Code   RO          666    .ARM.Collect$$_printf_percent$$00000000  c_w.l(_printf_percent.o)
    0x08000160   0x00000006   Code   RO          665    .ARM.Collect$$_printf_percent$$00000009  c_w.l(_printf_d.o)
    0x08000166   0x00000004   Code   RO          716    .ARM.Collect$$_printf_percent$$00000017  c_w.l(_printf_percent_end.o)
    0x0800016a   0x00000006   Code   RO          758    .ARM.Collect$$libinit$$00000000  c_w.l(libinit.o)
    0x08000170   0x00000000   Code   RO          766    .ARM.Collect$$libinit$$00000006  c_w.l(libinit2.o)
    0x08000170   0x00000000   Code   RO          768    .ARM.Collect$$libinit$$00000008  c_w.l(libinit2.o)
    0x08000170   0x00000000   Code   RO          770    .ARM.Collect$$libinit$$0000000A  c_w.l(libinit2.o)
    0x08000170   0x00000000   Code   RO          773    .ARM.Collect$$libinit$$0000000D  c_w.l(libinit2.o)
    0x08000170   0x00000000   Code   RO          775    .ARM.Collect$$libinit$$0000000F  c_w.l(libinit2.o)
    0x08000170   0x00000000   Code   RO          777    .ARM.Collect$$libinit$$00000011  c_w.l(libinit2.o)
    0x08000170   0x00000000   Code   RO          779    .ARM.Collect$$libinit$$00000013  c_w.l(libinit2.o)
    0x08000170   0x00000000   Code   RO          781    .ARM.Collect$$libinit$$00000015  c_w.l(libinit2.o)
    0x08000170   0x00000000   Code   RO          783    .ARM.Collect$$libinit$$00000017  c_w.l(libinit2.o)
    0x08000170   0x00000000   Code   RO          785    .ARM.Collect$$libinit$$00000019  c_w.l(libinit2.o)
    0x08000170   0x00000000   Code   RO          787    .ARM.Collect$$libinit$$0000001B  c_w.l(libinit2.o)
    0x08000170   0x00000000   Code   RO          789    .ARM.Collect$$libinit$$0000001D  c_w.l(libinit2.o)
    0x08000170   0x00000000   Code   RO          791    .ARM.Collect$$libinit$$0000001F  c_w.l(libinit2.o)
    0x08000170   0x00000000   Code   RO          793    .ARM.Collect$$libinit$$00000021  c_w.l(libinit2.o)
    0x08000170   0x00000000   Code   RO          797    .ARM.Collect$$libinit$$00000028  c_w.l(libinit2.o)
    0x08000170   0x00000000   Code   RO          799    .ARM.Collect$$libinit$$0000002A  c_w.l(libinit2.o)
    0x08000170   0x00000000   Code   RO          801    .ARM.Collect$$libinit$$0000002C  c_w.l(libinit2.o)
    0x08000170   0x00000000   Code   RO          803    .ARM.Collect$$libinit$$0000002E  c_w.l(libinit2.o)
    0x08000170   0x00000002   Code   RO          804    .ARM.Collect$$libinit$$0000002F  c_w.l(libinit2.o)
    0x08000172   0x00000002   Code   RO          827    .ARM.Collect$$libshutdown$$00000000  c_w.l(libshutdown.o)
    0x08000174   0x00000000   Code   RO          838    .ARM.Collect$$libshutdown$$00000003  c_w.l(libshutdown2.o)
    0x08000174   0x00000000   Code   RO          841    .ARM.Collect$$libshutdown$$00000006  c_w.l(libshutdown2.o)
    0x08000174   0x00000000   Code   RO          844    .ARM.Collect$$libshutdown$$00000009  c_w.l(libshutdown2.o)
    0x08000174   0x00000000   Code   RO          846    .ARM.Collect$$libshutdown$$0000000B  c_w.l(libshutdown2.o)
    0x08000174   0x00000000   Code   RO          849    .ARM.Collect$$libshutdown$$0000000E  c_w.l(libshutdown2.o)
    0x08000174   0x00000002   Code   RO          850    .ARM.Collect$$libshutdown$$0000000F  c_w.l(libshutdown2.o)
    0x08000176   0x00000000   Code   RO          711    .ARM.Collect$$rtentry$$00000000  c_w.l(rtentry.o)
    0x08000176   0x00000000   Code   RO          727    .ARM.Collect$$rtentry$$00000002  c_w.l(rtentry2.o)
    0x08000176   0x00000006   Code   RO          739    .ARM.Collect$$rtentry$$00000004  c_w.l(rtentry4.o)
    0x0800017c   0x00000000   Code   RO          729    .ARM.Collect$$rtentry$$00000009  c_w.l(rtentry2.o)
    0x0800017c   0x00000004   Code   RO          730    .ARM.Collect$$rtentry$$0000000A  c_w.l(rtentry2.o)
    0x08000180   0x00000000   Code   RO          732    .ARM.Collect$$rtentry$$0000000C  c_w.l(rtentry2.o)
    0x08000180   0x00000008   Code   RO          733    .ARM.Collect$$rtentry$$0000000D  c_w.l(rtentry2.o)
    0x08000188   0x00000002   Code   RO          762    .ARM.Collect$$rtexit$$00000000  c_w.l(rtexit.o)
    0x0800018a   0x00000000   Code   RO          808    .ARM.Collect$$rtexit$$00000002  c_w.l(rtexit2.o)
    0x0800018a   0x00000004   Code   RO          809    .ARM.Collect$$rtexit$$00000003  c_w.l(rtexit2.o)
    0x0800018e   0x00000006   Code   RO          810    .ARM.Collect$$rtexit$$00000004  c_w.l(rtexit2.o)
    0x08000194   0x000001e0   Code   RO            1    .text               main.o
    0x08000374   0x0000001a   Code   RO          138    .text               stm32f10x_it.o
    0x0800038e   0x00000002   PAD
    0x08000390   0x000001c8   Code   RO          179    .text               system_stm32f10x.o
    0x08000558   0x00000064   Code   RO          197    .text               led.o
    0x080005bc   0x00000432   Code   RO          222    .text               iic.o
    0x080009ee   0x00000002   PAD
    0x080009f0   0x00000628   Code   RO          234    .text               mpu6050.o
    0x08001018   0x00000118   Code   RO          256    .text               eeprom.o
    0x08001130   0x00000848   Code   RO          268    .text               hmc5883l.o
    0x08001978   0x0000009c   Code   RO          288    .text               delay.o
    0x08001a14   0x0000000c   Code   RO          302    .text               sys.o
    0x08001a20   0x00000140   Code   RO          314    .text               usart.o
    0x08001b60   0x00000040   Code   RO          351    .text               startup_stm32f10x_md.o
    0x08001ba0   0x000000dc   Code   RO          355    .text               misc.o
    0x08001c7c   0x000005b8   Code   RO          475    .text               stm32f10x_flash.o
    0x08002234   0x00000358   Code   RO          499    .text               stm32f10x_gpio.o
    0x0800258c   0x000003a0   Code   RO          547    .text               stm32f10x_rcc.o
    0x0800292c   0x0000040c   Code   RO          609    .text               stm32f10x_usart.o
    0x08002d38   0x00000002   Code   RO          635    .text               c_w.l(use_no_semi_2.o)
    0x08002d3a   0x00000002   PAD
    0x08002d3c   0x00000018   Code   RO          639    .text               c_w.l(noretval__2printf.o)
    0x08002d54   0x0000006a   Code   RO          641    .text               c_w.l(__printf.o)
    0x08002dbe   0x00000002   PAD
    0x08002dc0   0x00000078   Code   RO          643    .text               c_w.l(_printf_dec.o)
    0x08002e38   0x00000006   Code   RO          667    .text               c_w.l(heapauxi.o)
    0x08002e3e   0x00000002   Code   RO          709    .text               c_w.l(use_no_semi.o)
    0x08002e40   0x000000b8   Code   RO          712    .text               c_w.l(_printf_intcommon.o)
    0x08002ef8   0x00000024   Code   RO          714    .text               c_w.l(_printf_char_file.o)
    0x08002f1c   0x00000030   Code   RO          741    .text               c_w.l(_printf_char_common.o)
    0x08002f4c   0x00000008   Code   RO          743    .text               c_w.l(ferror.o)
    0x08002f54   0x0000004a   Code   RO          747    .text               c_w.l(sys_stackheap_outer.o)
    0x08002f9e   0x0000000c   Code   RO          751    .text               c_w.l(exit.o)
    0x08002faa   0x00000002   PAD
    0x08002fac   0x00000008   Code   RO          759    .text               c_w.l(libspace.o)
    0x08002fb4   0x00000008   Code   RO          817    .text               c_w.l(rt_fp_status_addr_intlibspace.o)
    0x08002fbc   0x00000062   Code   RO          671    x$fpl$d2f           fz_ws.l(d2f.o)
    0x0800301e   0x00000002   PAD
    0x08003020   0x000002b0   Code   RO          674    x$fpl$ddiv          fz_ws.l(ddiv.o)
    0x080032d0   0x0000005e   Code   RO          677    x$fpl$dfix          fz_ws.l(dfix.o)
    0x0800332e   0x0000002e   Code   RO          682    x$fpl$dflt          fz_ws.l(dflt_clz.o)
    0x0800335c   0x00000026   Code   RO          681    x$fpl$dfltu         fz_ws.l(dflt_clz.o)
    0x08003382   0x00000002   PAD
    0x08003384   0x00000154   Code   RO          687    x$fpl$dmul          fz_ws.l(dmul.o)
    0x080034d8   0x0000009c   Code   RO          717    x$fpl$dnaninf       fz_ws.l(dnaninf.o)
    0x08003574   0x0000000c   Code   RO          719    x$fpl$dretinf       fz_ws.l(dretinf.o)
    0x08003580   0x000000c4   Code   RO          689    x$fpl$fadd          fz_ws.l(faddsub_clz.o)
    0x08003644   0x00000184   Code   RO          696    x$fpl$fdiv          fz_ws.l(fdiv.o)
    0x080037c8   0x00000036   Code   RO          699    x$fpl$ffix          fz_ws.l(ffix.o)
    0x080037fe   0x00000002   PAD
    0x08003800   0x00000030   Code   RO          704    x$fpl$fflt          fz_ws.l(fflt_clz.o)
    0x08003830   0x0000008c   Code   RO          721    x$fpl$fnaninf       fz_ws.l(fnaninf.o)
    0x080038bc   0x0000000e   Code   RO          805    x$fpl$fpinit        fz_ws.l(fpinit.o)
    0x080038ca   0x0000000a   Code   RO          723    x$fpl$fretinf       fz_ws.l(fretinf.o)
    0x080038d4   0x000000ea   Code   RO          691    x$fpl$fsub          fz_ws.l(faddsub_clz.o)
    0x080039be   0x00000000   Code   RO          725    x$fpl$usenofp       fz_ws.l(usenofp.o)
    0x080039be   0x00000010   Data   RO          270    .constdata          hmc5883l.o
    0x080039ce   0x00000002   PAD
    0x080039d0   0x00000020   Data   RO          882    Region$$Table       anon$$obj.o


    Execution Region RW_IRAM1 (Base: 0x20000000, Size: 0x00000820, Max: 0x00005000, ABSOLUTE)

    Base Addr    Size         Type   Attr      Idx    E Section Name        Object

    0x20000000   0x00000032   Data   RW            2    .data               main.o
    0x20000032   0x00000002   PAD
    0x20000034   0x00000014   Data   RW          180    .data               system_stm32f10x.o
    0x20000048   0x00000018   Data   RW          236    .data               mpu6050.o
    0x20000060   0x00000028   Data   RW          271    .data               hmc5883l.o
    0x20000088   0x00000004   Data   RW          289    .data               delay.o
    0x2000008c   0x00000008   Data   RW          316    .data               usart.o
    0x20000094   0x00000014   Data   RW          548    .data               stm32f10x_rcc.o
    0x200000a8   0x00000092   Zero   RW          235    .bss                mpu6050.o
    0x2000013a   0x00000042   Zero   RW          269    .bss                hmc5883l.o
    0x2000017c   0x00000040   Zero   RW          315    .bss                usart.o
    0x200001bc   0x00000060   Zero   RW          760    .bss                c_w.l(libspace.o)
    0x2000021c   0x00000004   PAD
    0x20000220   0x00000200   Zero   RW          349    HEAP                startup_stm32f10x_md.o
    0x20000420   0x00000400   Zero   RW          348    STACK               startup_stm32f10x_md.o


==============================================================================

Image component sizes


      Code (inc. data)   RO Data    RW Data    ZI Data      Debug   Object Name

         0          0          0          0          0         32   core_cm3.o
       156          8          0          4          0        967   delay.o
       280         10          0          0          0       2198   eeprom.o
      2120        140         16         40         66       5892   hmc5883l.o
      1074         22          0          0          0       4649   iic.o
       100          8          0          0          0        451   led.o
       480        124          0         50          0     238378   main.o
       220         20          0          0          0       1689   misc.o
      1576         74          0         24        146       5522   mpu6050.o
        64         26        236          0       1536        740   startup_stm32f10x_md.o
      1464         32          0          0          0       8090   stm32f10x_flash.o
       856         40          0          0          0       5621   stm32f10x_gpio.o
        26          0          0          0          0       1122   stm32f10x_it.o
       928         44          0         20          0       8736   stm32f10x_rcc.o
      1036         20          0          0          0       8364   stm32f10x_usart.o
        12          0          0          0          0        393   sys.o
       456         36          0         20          0       1571   system_stm32f10x.o
       320         18          0          8         64       2914   usart.o

    ----------------------------------------------------------------------
     11172        622        286        168       1812     297329   Object Totals
         0          0         32          0          0          0   (incl. Generated)
         4          0          2          2          0          0   (incl. Padding)

    ----------------------------------------------------------------------

      Code (inc. data)   RO Data    RW Data    ZI Data      Debug   Library Member Name

         8          0          0          0          0         68   __main.o
       106          0          0          0          0         84   __printf.o
        52          8          0          0          0          0   __scatter.o
        26          0          0          0          0          0   __scatter_copy.o
        28          0          0          0          0          0   __scatter_zi.o
        48          6          0          0          0         96   _printf_char_common.o
        36          4          0          0          0         80   _printf_char_file.o
         6          0          0          0          0          0   _printf_d.o
       120         18          0          0          0         92   _printf_dec.o
       184          0          0          0          0         88   _printf_intcommon.o
         0          0          0          0          0          0   _printf_percent.o
         4          0          0          0          0          0   _printf_percent_end.o
        12          0          0          0          0         72   exit.o
         8          0          0          0          0         68   ferror.o
         6          0          0          0          0        152   heapauxi.o
         6          0          0          0          0          0   libinit.o
         2          0          0          0          0          0   libinit2.o
         2          0          0          0          0          0   libshutdown.o
         2          0          0          0          0          0   libshutdown2.o
         8          4          0          0         96         68   libspace.o
        24          4          0          0          0         84   noretval__2printf.o
         8          4          0          0          0         68   rt_fp_status_addr_intlibspace.o
         0          0          0          0          0          0   rtentry.o
        12          0          0          0          0          0   rtentry2.o
         6          0          0          0          0          0   rtentry4.o
         2          0          0          0          0          0   rtexit.o
        10          0          0          0          0          0   rtexit2.o
        74          0          0          0          0         80   sys_stackheap_outer.o
         2          0          0          0          0         68   use_no_semi.o
         2          0          0          0          0         68   use_no_semi_2.o
        98          4          0          0          0         92   d2f.o
       688        140          0          0          0        212   ddiv.o
        94          4          0          0          0         92   dfix.o
        84          0          0          0          0        136   dflt_clz.o
       340         12          0          0          0        104   dmul.o
       156          4          0          0          0         92   dnaninf.o
        12          0          0          0          0         68   dretinf.o
       430          8          0          0          0        168   faddsub_clz.o
       388         76          0          0          0         96   fdiv.o
        54          4          0          0          0         84   ffix.o
        48          0          0          0          0         68   fflt_clz.o
       140          4          0          0          0         84   fnaninf.o
        14          0          0          0          0         76   fpinit.o
        10          0          0          0          0         68   fretinf.o
         0          0          0          0          0          0   usenofp.o

    ----------------------------------------------------------------------
      3374        304          0          0        100       2676   Library Totals
        14          0          0          0          4          0   (incl. Padding)

    ----------------------------------------------------------------------

      Code (inc. data)   RO Data    RW Data    ZI Data      Debug   Library Name

       804         48          0          0         96       1236   c_w.l
      2556        256          0          0          0       1440   fz_ws.l

    ----------------------------------------------------------------------
      3374        304          0          0        100       2676   Library Totals

    ----------------------------------------------------------------------

==============================================================================


      Code (inc. data)   RO Data    RW Data    ZI Data      Debug   

     14546        926        286        168       1912     297041   Grand Totals
     14546        926        286        168       1912     297041   ELF Image Totals
     14546        926        286        168          0          0   ROM Totals

==============================================================================

    Total RO  Size (Code + RO Data)                14832 (  14.48kB)
    Total RW  Size (RW Data + ZI Data)              2080 (   2.03kB)
    Total ROM Size (Code + RO Data + RW Data)      15000 (  14.65kB)

==============================================================================

